Archive member included to satisfy reference by file (symbol)

C:/msys64/opt/wonderful/thirdparty/blocksds/core/libs/maxmod/lib\libmm9.a(comms_ds9.c.o)
                              build/bartbash/source/main.c.o (mmStart)
C:/msys64/opt/wonderful/thirdparty/blocksds/core/libs/maxmod/lib\libmm9.a(main_ds9.c.o)
                              C:/msys64/opt/wonderful/thirdparty/blocksds/core/libs/maxmod/lib\libmm9.a(comms_ds9.c.o) (mmCallback)
C:/msys64/opt/wonderful/thirdparty/blocksds/core/libs/maxmod/lib\libmm9.a(memory.c.o)
                              build/bartbash/source/main.c.o (mmLoadEffect)
C:/msys64/opt/wonderful/thirdparty/blocksds/core/libs/maxmod/lib\libmm9.a(soundbank.c.o)
                              C:/msys64/opt/wonderful/thirdparty/blocksds/core/libs/maxmod/lib\libmm9.a(main_ds9.c.o) (mmSoundBankInMemory)
C:/msys64/opt/wonderful/thirdparty/blocksds/external/nflib/lib\libnflib.a(nf_collision.c.o)
                              build/bartbash/source/main.c.o (NF_InitCmapBuffers)
C:/msys64/opt/wonderful/thirdparty/blocksds/external/nflib/lib\libnflib.a(nf_basic.c.o)
                              C:/msys64/opt/wonderful/thirdparty/blocksds/external/nflib/lib\libnflib.a(nf_collision.c.o) (NF_Error)
C:/msys64/opt/wonderful/thirdparty/blocksds/external/nflib/lib\libnflib.a(nf_sprite256.c.o)
                              build/bartbash/source/main.c.o (NF_InitSpriteBuffers)
C:/msys64/opt/wonderful/thirdparty/blocksds/external/nflib/lib\libnflib.a(nf_2d.c.o)
                              build/bartbash/source/main.c.o (NF_Set2D)
C:/msys64/opt/wonderful/thirdparty/blocksds/external/nflib/lib\libnflib.a(nf_tiledbg.c.o)
                              build/bartbash/source/main.c.o (NF_InitTiledBgBuffers)
C:/msys64/opt/wonderful/thirdparty/blocksds/external/nflib/lib\libnflib.a(nf_text.c.o)
                              build/bartbash/source/main.c.o (NF_LoadTextFont)
C:/msys64/opt/wonderful/thirdparty/blocksds/core/libs/libnds/lib\libnds9.a(cp15.s.o)
                              C:/msys64/opt/wonderful/thirdparty/blocksds/core/sys/crts/ds_arm9_crt0.o (CP15_FlushICache)
C:/msys64/opt/wonderful/thirdparty/blocksds/core/libs/libnds/lib\libnds9.a(mpu_setup.s.o)
                              C:/msys64/opt/wonderful/thirdparty/blocksds/core/sys/crts/ds_arm9_crt0.o (__libnds_mpu_setup)
C:/msys64/opt/wonderful/thirdparty/blocksds/core/libs/libnds/lib\libnds9.a(dma.s.o)
                              C:/msys64/opt/wonderful/thirdparty/blocksds/external/nflib/lib\libnflib.a(nf_basic.c.o) (dmaSetParams)
C:/msys64/opt/wonderful/thirdparty/blocksds/core/libs/libnds/lib\libnds9.a(memcpy.s.o)
                              C:/msys64/opt/wonderful/thirdparty/blocksds/external/nflib/lib\libnflib.a(nf_basic.c.o) (memcpy)
C:/msys64/opt/wonderful/thirdparty/blocksds/core/libs/libnds/lib\libnds9.a(memset.s.o)
                              C:/msys64/opt/wonderful/thirdparty/blocksds/external/nflib/lib\libnflib.a(nf_sprite256.c.o) (memset)
C:/msys64/opt/wonderful/thirdparty/blocksds/core/libs/libnds/lib\libnds9.a(console.c.o)
                              build/bartbash/source/main.c.o (consoleDemoInit)
C:/msys64/opt/wonderful/thirdparty/blocksds/core/libs/libnds/lib\libnds9.a(dlmalloc.c.o)
                              C:/msys64/opt/wonderful/thirdparty/blocksds/core/libs/maxmod/lib\libmm9.a(soundbank.c.o) (malloc)
C:/msys64/opt/wonderful/thirdparty/blocksds/core/libs/libnds/lib\libnds9.a(chdir.c.o)
                              C:/msys64/opt/wonderful/thirdparty/blocksds/external/nflib/lib\libnflib.a(nf_basic.c.o) (chdir)
C:/msys64/opt/wonderful/thirdparty/blocksds/core/libs/libnds/lib\libnds9.a(crt0_argv.c.o)
                              C:/msys64/opt/wonderful/thirdparty/blocksds/core/sys/crts/ds_arm9_crt0.o (build_argv)
C:/msys64/opt/wonderful/thirdparty/blocksds/core/libs/libnds/lib\libnds9.a(fatfs_helpers.c.o)
                              C:/msys64/opt/wonderful/thirdparty/blocksds/core/libs/libnds/lib\libnds9.a(chdir.c.o) (fatfs_error_to_posix)
C:/msys64/opt/wonderful/thirdparty/blocksds/core/libs/libnds/lib\libnds9.a(nitrofs_device.c.o)
                              C:/msys64/opt/wonderful/thirdparty/blocksds/core/libs/libnds/lib\libnds9.a(chdir.c.o) (nitrofs_getcwd)
C:/msys64/opt/wonderful/thirdparty/blocksds/core/libs/libnds/lib\libnds9.a(std_streams.c.o)
                              C:/msys64/opt/wonderful/thirdparty/blocksds/core/libs/libnds/lib\libnds9.a(console.c.o) (stderr)
C:/msys64/opt/wonderful/thirdparty/blocksds/core/libs/libnds/lib\libnds9.a(syscalls_filesystem.c.o)
                              C:/msys64/opt/wonderful/thirdparty/blocksds/external/nflib/lib\libnflib.a(nf_basic.c.o) (access)
C:/msys64/opt/wonderful/thirdparty/blocksds/core/libs/libnds/lib\libnds9.a(card.c.o)
                              C:/msys64/opt/wonderful/thirdparty/blocksds/core/libs/libnds/lib\libnds9.a(nitrofs_device.c.o) (cardReadArm7)
[...]
Memory Configuration

Name             Origin             Length             Attributes
ewram            0x02000000         0x00380000
dtcm             0x02ff4000         0x00004000
itcm             0x01000000         0x00008000
*default*        0x00000000         0xffffffff

Linker script and memory map

                0x00000000                        PROVIDE (__dtcm_data_size = 0x0)
                0x00000001                        ASSERT (((__dtcm_data_size & 0x3) == 0x0), __dtcm_data_size must be a multiple of 4)
                0x00004000                        PROVIDE (__dldi_size = 0x4000)
                0x00000040                        PROVIDE (__dtcm_reserved_size = 0x40)
                0x00000001                        ASSERT (((__dtcm_reserved_size & 0x3) == 0x0), __dtcm_reserved_size must be a multiple of 4)
                0x00000100                        PROVIDE (__svc_stack_size = 0x100)
                0x00000001                        ASSERT (((__svc_stack_size & 0x3) == 0x0), __svc_stack_size must be a multiple of 4)
                0x00000100                        PROVIDE (__irq_stack_size = 0x100)
                0x00000001                        ASSERT (((__irq_stack_size & 0x3) == 0x0), __irq_stack_size must be a multiple of 4)
                0x00000000                        PROVIDE (__usr_stack_size = 0x0)
                0x00000001                        ASSERT (((__usr_stack_size & 0x3) == 0x0), __usr_stack_size must be a multiple of 4)
                0x02380000                        __ewram_end = (ORIGIN (ewram) + LENGTH (ewram))
                0x02380000                        __eheap_end = (ORIGIN (ewram) + LENGTH (ewram))
                0x02ff4000                        __dtcm_start = ORIGIN (dtcm)
                0x02ff8000                        __dtcm_top = (ORIGIN (dtcm) + LENGTH (dtcm))
                0x02ff7ff8                        __irq_flags = (__dtcm_top - 0x8)
                0x02ff7ffc                        __irq_vector = (__dtcm_top - 0x4)
                0x02ff7fc0                        __sp_svc = (__dtcm_top - __dtcm_reserved_size)
                0x02ff7ec0                        __sp_irq = (__sp_svc - __svc_stack_size)
                0x02ff7dc0                        __sp_usr = ((__sp_irq - __irq_stack_size) - __dtcm_data_size)
                0x02ff4000                        __dtcm_data_start = (__dtcm_data_size > 0x0)?__sp_usr:ORIGIN (dtcm)
                0x02ff7dc0                        __dtcm_data_top = (__dtcm_data_size > 0x0)?(__sp_irq - __irq_stack_size):(__sp_usr - __usr_stack_size)
                0x0000000e                        __dldi_log2_size = (LOG2CEIL ((__dldi_size + 0x1)) - 0x1)

.secure         0x02000000      0x800
 *(.secure)
 .secure        0x02000000      0x800 C:/msys64/opt/wonderful/thirdparty/blocksds/core/libs/libnds/lib\libnds9.a(securearea.c.o)
                0x02000000                __secure_area__

.crt0           0x02000800      0x2e4
                0x02000800                        __text_start = .
 *(.crt0)
 .crt0          0x02000800      0x2e4 C:/msys64/opt/wonderful/thirdparty/blocksds/core/sys/crts/ds_arm9_crt0.o
                0x02000800                _start
                0x02000ae4                        . = ALIGN (0x4)

.dldi           0x02000b00     0x4000
                0x02000b00                        __dldi_start = .
 *(.dldi)
 .dldi          0x02000b00       0x88 C:/msys64/opt/wonderful/thirdparty/blocksds/core/libs/libnds/lib\libnds9.a(dldi_stub.s.o)
                0x02000b00                _io_dldi_stub
                0x02000b88                        . = ALIGN (0x4)
                0x02000b88                        __dldi_data_end = .
                0x02004b00                        __dldi_end = (__dldi_data_end > __dldi_start)?(__dldi_start + __dldi_size):__dldi_start
                0x02004b00                        . = __dldi_end
 *fill*         0x02000b88     0x3f78 00
                0x02004b00                        . = ALIGN (0x4)

.plt
 *(.plt)

.init           0x02004b00        0x8
 *(SORT_NONE(.init))
 .init          0x02004b00        0x8 C:/msys64/opt/wonderful/toolchain/gcc-arm-none-eabi/lib/gcc/arm-none-eabi/15.2.1/thumb/arm946e-s/crtn.o

.text           0x02004b08    0x133b0
 *(EXCLUDE_FILE(*.twl* *.itcm*) .text)
 .text          0x02004b08       0x14 C:/msys64/opt/wonderful/toolchain/gcc-arm-none-eabi/lib/gcc/arm-none-eabi/15.2.1/../../../../arm-none-eabi/lib/thumb/arm946e-s\libc.a(strcmp.S.o)
                0x02004b08                strcmp
 .text          0x02004b1c       0x10 C:/msys64/opt/wonderful/toolchain/gcc-arm-none-eabi/lib/gcc/arm-none-eabi/15.2.1/../../../../arm-none-eabi/lib/thumb/arm946e-s\libc.a(strcpy.S.o)
                0x02004b1c                strcpy
 .text          0x02004b2c        0xe C:/msys64/opt/wonderful/toolchain/gcc-arm-none-eabi/lib/gcc/arm-none-eabi/15.2.1/../../../../arm-none-eabi/lib/thumb/arm946e-s\libc.a(strlen.S.o)
                0x02004b2c                strlen
 *fill*         0x02004b3a        0x2 ff
 .text          0x02004b3c       0x14 C:/msys64/opt/wonderful/toolchain/gcc-arm-none-eabi/lib/gcc/arm-none-eabi/15.2.1/thumb/arm946e-s\libgcc.a(_thumb1_case_uqi.o)
                0x02004b3c                __gnu_thumb1_case_uqi
 .text          0x02004b50       0x14 C:/msys64/opt/wonderful/toolchain/gcc-arm-none-eabi/lib/gcc/arm-none-eabi/15.2.1/thumb/arm946e-s\libgcc.a(_thumb1_case_uhi.o)
                0x02004b50                __gnu_thumb1_case_uhi
 .text          0x02004b64      0x214 C:/msys64/opt/wonderful/toolchain/gcc-arm-none-eabi/lib/gcc/arm-none-eabi/15.2.1/thumb/arm946e-s\libgcc.a(_udivsi3.o)
                0x02004b64                __aeabi_uidiv
                0x02004b64                __udivsi3
                0x02004d58                __aeabi_uidivmod
 .text          0x02004d78      0x248 C:/msys64/opt/wonderful/toolchain/gcc-arm-none-eabi/lib/gcc/arm-none-eabi/15.2.1/thumb/arm946e-s\libgcc.a(_divsi3.o)
                0x02004d78                __divsi3
                0x02004d78                __aeabi_idiv
                0x02004fa0                __aeabi_idivmod
 .text          0x02004fc0        0x4 C:/msys64/opt/wonderful/toolchain/gcc-arm-none-eabi/lib/gcc/arm-none-eabi/15.2.1/thumb/arm946e-s\libgcc.a(_dvmd_tls.o)
                0x02004fc0                __aeabi_idiv0
                0x02004fc0                __aeabi_ldiv0
 .text          0x02004fc4       0x18 C:/msys64/opt/wonderful/toolchain/gcc-arm-none-eabi/lib/gcc/arm-none-eabi/15.2.1/thumb/arm946e-s\libgcc.a(_lshrdi3.o)
                0x02004fc4                __lshrdi3
                0x02004fc4                __aeabi_llsr
 .text          0x02004fdc       0x1c C:/msys64/opt/wonderful/toolchain/gcc-arm-none-eabi/lib/gcc/arm-none-eabi/15.2.1/thumb/arm946e-s\libgcc.a(_ashrdi3.o)
                0x02004fdc                __aeabi_lasr
                0x02004fdc                __ashrdi3
 .text          0x02004ff8       0x18 C:/msys64/opt/wonderful/toolchain/gcc-arm-none-eabi/lib/gcc/arm-none-eabi/15.2.1/thumb/arm946e-s\libgcc.a(_ashldi3.o)
                0x02004ff8                __aeabi_llsl
                0x02004ff8                __ashldi3
 .text          0x02005010      0x3c0 C:/msys64/opt/wonderful/toolchain/gcc-arm-none-eabi/lib/gcc/arm-none-eabi/15.2.1/thumb/arm946e-s\libgcc.a(_arm_addsubdf3.o)
                0x02005010                __aeabi_drsub
                0x02005018                __aeabi_dsub
                0x02005018                __subdf3
                0x0200501c                __aeabi_dadd
                0x0200501c                __adddf3
                0x020052c8                __floatunsidf
                0x020052c8                __aeabi_ui2d
                0x020052ec                __floatsidf
                0x020052ec                __aeabi_i2d
                0x02005314                __aeabi_f2d
                0x02005314                __extendsfdf2
                0x0200535c                __floatundidf
                0x0200535c                __aeabi_ul2d
                0x02005370                __floatdidf
                0x02005370                __aeabi_l2d
 .text          0x020053d0       0x5c C:/msys64/opt/wonderful/toolchain/gcc-arm-none-eabi/lib/gcc/arm-none-eabi/15.2.1/thumb/arm946e-s\libgcc.a(_arm_fixdfsi.o)
                0x020053d0                __aeabi_d2iz
                0x020053d0                __fixdfsi
 .text          0x0200542c       0xa0 C:/msys64/opt/wonderful/toolchain/gcc-arm-none-eabi/lib/gcc/arm-none-eabi/15.2.1/thumb/arm946e-s\libgcc.a(_arm_truncdfsf2.o)
                0x0200542c                __truncdfsf2
                0x0200542c                __aeabi_d2f
 .text          0x020054cc      0x250 C:/msys64/opt/wonderful/toolchain/gcc-arm-none-eabi/lib/gcc/arm-none-eabi/15.2.1/thumb/arm946e-s\libgcc.a(_arm_addsubsf3.o)
                0x020054cc                __aeabi_frsub
                0x020054d4                __subsf3
                0x020054d4                __aeabi_fsub
                0x020054d8                __aeabi_fadd
                0x020054d8                __addsf3
                0x02005668                __aeabi_ui2f
                0x02005668                __floatunsisf
                0x02005670                __aeabi_i2f
                0x02005670                __floatsisf
                0x02005690                __aeabi_ul2f
                0x02005690                __floatundisf
                0x020056a0                __aeabi_l2f
                0x020056a0                __floatdisf
 .text          0x0200571c      0x2f8 C:/msys64/opt/wonderful/toolchain/gcc-arm-none-eabi/lib/gcc/arm-none-eabi/15.2.1/thumb/arm946e-s\libgcc.a(_arm_muldivsf3.o)
                0x0200571c                __mulsf3
                0x0200571c                __aeabi_fmul
                0x020058b4                __aeabi_fdiv
                0x020058b4                __divsf3
 .text          0x02005a14       0x5c C:/msys64/opt/wonderful/toolchain/gcc-arm-none-eabi/lib/gcc/arm-none-eabi/15.2.1/thumb/arm946e-s\libgcc.a(_arm_fixsfsi.o)
                0x02005a14                __aeabi_f2iz
                0x02005a14                __fixsfsi
 .text          0x02005a70        0x8 C:/msys64/opt/wonderful/toolchain/gcc-arm-none-eabi/lib/gcc/arm-none-eabi/15.2.1/thumb/arm946e-s\libgcc.a(_clzsi2.o)
                0x02005a70                __clzsi2
 .text          0x02005a78       0x14 C:/msys64/opt/wonderful/toolchain/gcc-arm-none-eabi/lib/gcc/arm-none-eabi/15.2.1/thumb/arm946e-s\libgcc.a(_clzdi2.o)
                0x02005a78                __clzdi2
 .text          0x02005a8c       0xd4 C:/msys64/opt/wonderful/toolchain/gcc-arm-none-eabi/lib/gcc/arm-none-eabi/15.2.1/thumb/arm946e-s\libgcc.a(_aeabi_ldivmod.o)
                0x02005a8c                __aeabi_ldivmod
 .text          0x02005b60       0x3c C:/msys64/opt/wonderful/toolchain/gcc-arm-none-eabi/lib/gcc/arm-none-eabi/15.2.1/thumb/arm946e-s\libgcc.a(_aeabi_uldivmod.o)
                0x02005b60                __aeabi_uldivmod
 .text          0x02005b9c       0x30 C:/msys64/opt/wonderful/toolchain/gcc-arm-none-eabi/lib/gcc/arm-none-eabi/15.2.1/thumb/arm946e-s\libgcc.a(_fixsfdi.o)
                0x02005b9c                __fixsfdi
                0x02005b9c                __aeabi_f2lz
 .text          0x02005bcc       0x40 C:/msys64/opt/wonderful/toolchain/gcc-arm-none-eabi/lib/gcc/arm-none-eabi/15.2.1/thumb/arm946e-s\libgcc.a(_fixunssfdi.o)
                0x02005bcc                __fixunssfdi
                0x02005bcc                __aeabi_f2ulz
 .text          0x02005c0c      0x190 C:/msys64/opt/wonderful/toolchain/gcc-arm-none-eabi/lib/gcc/arm-none-eabi/15.2.1/thumb/arm946e-s\libgcc.a(_udivmoddi4.o)
                0x02005c0c                __udivmoddi4
 .text          0x02005d9c       0x14 C:/msys64/opt/wonderful/toolchain/gcc-arm-none-eabi/lib/gcc/arm-none-eabi/15.2.1/thumb/arm946e-s\libgcc.a(muldi3.o)
                0x02005d9c                __muldi3
                0x02005d9c                __aeabi_lmul
 .text          0x02005db0      0x26c C:/msys64/opt/wonderful/toolchain/gcc-arm-none-eabi/lib/gcc/arm-none-eabi/15.2.1/thumb/arm946e-s\libgcc.a(_arm_muldf3.o)
                0x02005db0                __muldf3
                0x02005db0                __aeabi_dmul
 .text          0x0200601c       0x54 C:/msys64/opt/wonderful/toolchain/gcc-arm-none-eabi/lib/gcc/arm-none-eabi/15.2.1/thumb/arm946e-s\libgcc.a(_arm_fixunsdfsi.o)
                0x0200601c                __aeabi_d2uiz
                0x0200601c                __fixunsdfsi
 .text          0x02006070       0xfc C:/msys64/opt/wonderful/toolchain/gcc-arm-none-eabi/lib/gcc/arm-none-eabi/15.2.1/thumb/arm946e-s\libgcc.a(_arm_cmpsf2.o)
                0x02006070                __gesf2
                0x02006070                __gtsf2
                0x02006078                __lesf2
                0x02006078                __ltsf2
                0x02006080                __nesf2
                0x02006080                __eqsf2
                0x02006080                __cmpsf2
                0x020060e4                __aeabi_cfrcmple
                0x020060f4                __aeabi_cfcmpeq
                0x020060f4                __aeabi_cfcmple
                0x02006108                __aeabi_fcmpeq
                0x0200611c                __aeabi_fcmplt
                0x02006130                __aeabi_fcmple
                0x02006144                __aeabi_fcmpge
                0x02006158                __aeabi_fcmpgt
 *(EXCLUDE_FILE(*.twl* *.itcm*) .stub)
 *(EXCLUDE_FILE(*.twl* *.itcm*) .text.*)
 .text.loadroom
                0x0200616c      0x530 build/bartbash/source/main.c.o
                0x0200616c                loadroom
 .text.startup.main
                0x0200669c      0xcc0 build/bartbash/source/main.c.o
                0x0200669c                main
 .text.mmWaitForHandle
                0x0200735c       0x2c C:/msys64/opt/wonderful/thirdparty/blocksds/core/libs/maxmod/lib\libmm9.a(comms_ds9.c.o)
 .text.mmReceiveMessageValue32
                0x02007388       0x4c C:/msys64/opt/wonderful/thirdparty/blocksds/core/libs/maxmod/lib\libmm9.a(comms_ds9.c.o)
 .text.SendString
                0x020073d4       0x24 C:/msys64/opt/wonderful/thirdparty/blocksds/core/libs/maxmod/lib\libmm9.a(comms_ds9.c.o)
 .text.SendCommandByte
                0x020073f8       0x18 C:/msys64/opt/wonderful/thirdparty/blocksds/core/libs/maxmod/lib\libmm9.a(comms_ds9.c.o)
 .text.SendCommandHword
                0x02007410       0x18 C:/msys64/opt/wonderful/thirdparty/blocksds/core/libs/maxmod/lib\libmm9.a(comms_ds9.c.o)
 .text.mmSendBank
                0x02007428       0x1a C:/msys64/opt/wonderful/thirdparty/blocksds/core/libs/maxmod/lib\libmm9.a(comms_ds9.c.o)
                0x02007428                mmSendBank
 *fill*         0x02007442        0x2 ff
 .text.mmStart  0x02007444       0x1c C:/msys64/opt/wonderful/thirdparty/blocksds/core/libs/maxmod/lib\libmm9.a(comms_ds9.c.o)
                0x02007444                mmStart
 .text.mmSelectMode
                0x02007460        0xc C:/msys64/opt/wonderful/thirdparty/blocksds/core/libs/maxmod/lib\libmm9.a(comms_ds9.c.o)
                0x02007460                mmSelectMode
 .text.mmEffect
                0x0200746c       0x12 C:/msys64/opt/wonderful/thirdparty/blocksds/core/libs/maxmod/lib\libmm9.a(comms_ds9.c.o)
                0x0200746c                mmEffect
 *fill*         0x0200747e        0x2 ff
 .text.mmSetupComms
                0x02007480       0x18 C:/msys64/opt/wonderful/thirdparty/blocksds/core/libs/maxmod/lib\libmm9.a(comms_ds9.c.o)
                0x02007480                mmSetupComms
 .text.mmInit   0x02007498       0x78 C:/msys64/opt/wonderful/thirdparty/blocksds/core/libs/maxmod/lib\libmm9.a(main_ds9.c.o)
                0x02007498                mmInit
 .text.mmTryToInitializeDefault
                0x02007510       0x34 C:/msys64/opt/wonderful/thirdparty/blocksds/core/libs/maxmod/lib\libmm9.a(main_ds9.c.o)
 .text.mmInitDefault
                0x02007544       0x4c C:/msys64/opt/wonderful/thirdparty/blocksds/core/libs/maxmod/lib\libmm9.a(main_ds9.c.o)
                0x02007544                mmInitDefault
 .text.mmFlushMemoryBank
                0x02007590       0x24 C:/msys64/opt/wonderful/thirdparty/blocksds/core/libs/maxmod/lib\libmm9.a(memory.c.o)
 .text.mmLoadEffect
                0x020075b4       0x54 C:/msys64/opt/wonderful/thirdparty/blocksds/core/libs/maxmod/lib\libmm9.a(memory.c.o)
                0x020075b4                mmLoadEffect
 .text.mmUnloadEffect
                0x02007608       0x50 C:/msys64/opt/wonderful/thirdparty/blocksds/core/libs/maxmod/lib\libmm9.a(memory.c.o)
                0x02007608                mmUnloadEffect
 .text.mmUnload
                0x02007658       0x6c C:/msys64/opt/wonderful/thirdparty/blocksds/core/libs/maxmod/lib\libmm9.a(memory.c.o)
                0x02007658                mmUnload
 .text.mmLoad   0x020076c4       0x80 C:/msys64/opt/wonderful/thirdparty/blocksds/core/libs/maxmod/lib\libmm9.a(memory.c.o)
                0x020076c4                mmLoad
 .text.mmLoadDataFromSoundBank
                0x02007744       0xcc C:/msys64/opt/wonderful/thirdparty/blocksds/core/libs/maxmod/lib\libmm9.a(soundbank.c.o)
 .text.mmsHandleFileOp
                0x02007810       0x2a C:/msys64/opt/wonderful/thirdparty/blocksds/core/libs/maxmod/lib\libmm9.a(soundbank.c.o)
 *fill*         0x0200783a        0x2 ff
 .text.mmSoundBankInFiles
                0x0200783c       0x2c C:/msys64/opt/wonderful/thirdparty/blocksds/core/libs/maxmod/lib\libmm9.a(soundbank.c.o)
                0x0200783c                mmSoundBankInFiles
 .text.NF_InitCmapBuffers
                0x02007868       0xb4 C:/msys64/opt/wonderful/thirdparty/blocksds/external/nflib/lib\libnflib.a(nf_collision.c.o)
                0x02007868                NF_InitCmapBuffers
 .text.NF_LoadCollisionBg
                0x0200791c      0x134 C:/msys64/opt/wonderful/thirdparty/blocksds/external/nflib/lib\libnflib.a(nf_collision.c.o)
                0x0200791c                NF_LoadCollisionBg
 .text.NF_GetPoint
                0x02007a50       0x70 C:/msys64/opt/wonderful/thirdparty/blocksds/external/nflib/lib\libnflib.a(nf_collision.c.o)
                0x02007a50                NF_GetPoint
 .text.NF_Error
                0x02007ac0      0x2d8 C:/msys64/opt/wonderful/thirdparty/blocksds/external/nflib/lib\libnflib.a(nf_basic.c.o)
                0x02007ac0                NF_Error
 .text.NF_SetRootFolder
                0x02007d98      0x1e0 C:/msys64/opt/wonderful/thirdparty/blocksds/external/nflib/lib\libnflib.a(nf_basic.c.o)
                0x02007d98                NF_SetRootFolder
 .text.NF_DmaMemCopy
                0x02007f78       0x70 C:/msys64/opt/wonderful/thirdparty/blocksds/external/nflib/lib\libnflib.a(nf_basic.c.o)
                0x02007f78                NF_DmaMemCopy
 .text.NF_FileLoad
                0x02007fe8       0xac C:/msys64/opt/wonderful/thirdparty/blocksds/external/nflib/lib\libnflib.a(nf_basic.c.o)
                0x02007fe8                NF_FileLoad
 .text.NF_FileExists
                0x02008094       0x30 C:/msys64/opt/wonderful/thirdparty/blocksds/external/nflib/lib\libnflib.a(nf_basic.c.o)
                0x02008094                NF_FileExists
 .text.NF_InitSpriteBuffers
                0x020080c4       0x5c C:/msys64/opt/wonderful/thirdparty/blocksds/external/nflib/lib\libnflib.a(nf_sprite256.c.o)
                0x020080c4                NF_InitSpriteBuffers
 .text.NF_InitSpriteSys
                0x02008120      0x1f8 C:/msys64/opt/wonderful/thirdparty/blocksds/external/nflib/lib\libnflib.a(nf_sprite256.c.o)
                0x02008120                NF_InitSpriteSys
 .text.NF_LoadSpriteGfx
                0x02008318       0x94 C:/msys64/opt/wonderful/thirdparty/blocksds/external/nflib/lib\libnflib.a(nf_sprite256.c.o)
                0x02008318                NF_LoadSpriteGfx
 .text.NF_LoadSpritePal
                0x020083ac       0x7c C:/msys64/opt/wonderful/thirdparty/blocksds/external/nflib/lib\libnflib.a(nf_sprite256.c.o)
                0x020083ac                NF_LoadSpritePal
 .text.NF_VramSpriteGfx
                0x02008428      0x27c C:/msys64/opt/wonderful/thirdparty/blocksds/external/nflib/lib\libnflib.a(nf_sprite256.c.o)
                0x02008428                NF_VramSpriteGfx
 .text.NF_VramSpritePal
                0x020086a4       0xb0 C:/msys64/opt/wonderful/thirdparty/blocksds/external/nflib/lib\libnflib.a(nf_sprite256.c.o)
                0x020086a4                NF_VramSpritePal
 .text.NF_CreateSprite
                0x02008754      0x1c8 C:/msys64/opt/wonderful/thirdparty/blocksds/external/nflib/lib\libnflib.a(nf_sprite256.c.o)
                0x02008754                NF_CreateSprite
 .text.NF_DeleteSprite
                0x0200891c       0x84 C:/msys64/opt/wonderful/thirdparty/blocksds/external/nflib/lib\libnflib.a(nf_sprite256.c.o)
                0x0200891c                NF_DeleteSprite
 .text.NF_SpriteOamSet
                0x020089a0       0xc0 C:/msys64/opt/wonderful/thirdparty/blocksds/external/nflib/lib\libnflib.a(nf_sprite256.c.o)
                0x020089a0                NF_SpriteOamSet
 .text.NF_Set2D
                0x02008a60       0x64 C:/msys64/opt/wonderful/thirdparty/blocksds/external/nflib/lib\libnflib.a(nf_2d.c.o)
                0x02008a60                NF_Set2D
 .text.NF_ShowBg
                0x02008ac4       0x74 C:/msys64/opt/wonderful/thirdparty/blocksds/external/nflib/lib\libnflib.a(nf_2d.c.o)
                0x02008ac4                NF_ShowBg
 .text.NF_HideBg
                0x02008b38       0x9c C:/msys64/opt/wonderful/thirdparty/blocksds/external/nflib/lib\libnflib.a(nf_2d.c.o)
                0x02008b38                NF_HideBg
 .text.NF_ScrollBg
                0x02008bd4      0x2fc C:/msys64/opt/wonderful/thirdparty/blocksds/external/nflib/lib\libnflib.a(nf_2d.c.o)
                0x02008bd4                NF_ScrollBg
 .text.NF_SpriteFrame
                0x02008ed0       0xbc C:/msys64/opt/wonderful/thirdparty/blocksds/external/nflib/lib\libnflib.a(nf_2d.c.o)
                0x02008ed0                NF_SpriteFrame
 .text.NF_InitTiledBgBuffers
                0x02008f8c       0x98 C:/msys64/opt/wonderful/thirdparty/blocksds/external/nflib/lib\libnflib.a(nf_tiledbg.c.o)
                0x02008f8c                NF_InitTiledBgBuffers
 .text.NF_InitTiledBgSys
                0x02009024      0x148 C:/msys64/opt/wonderful/thirdparty/blocksds/external/nflib/lib\libnflib.a(nf_tiledbg.c.o)
                0x02009024                NF_InitTiledBgSys
 .text.NF_LoadTiledBg
                0x0200916c      0x1a4 C:/msys64/opt/wonderful/thirdparty/blocksds/external/nflib/lib\libnflib.a(nf_tiledbg.c.o)
                0x0200916c                NF_LoadTiledBg
 .text.NF_UnloadTiledBg
                0x02009310       0x9c C:/msys64/opt/wonderful/thirdparty/blocksds/external/nflib/lib\libnflib.a(nf_tiledbg.c.o)
                0x02009310                NF_UnloadTiledBg
 .text.NF_DeleteTiledBg
                0x020093ac      0x17c C:/msys64/opt/wonderful/thirdparty/blocksds/external/nflib/lib\libnflib.a(nf_tiledbg.c.o)
                0x020093ac                NF_DeleteTiledBg
 .text.NF_CreateTiledBg
                0x02009528      0x5ac C:/msys64/opt/wonderful/thirdparty/blocksds/external/nflib/lib\libnflib.a(nf_tiledbg.c.o)
                0x02009528                NF_CreateTiledBg
 .text.NF_GetTileMapAddress
                0x02009ad4       0x90 C:/msys64/opt/wonderful/thirdparty/blocksds/external/nflib/lib\libnflib.a(nf_tiledbg.c.o)
                0x02009ad4                NF_GetTileMapAddress
 .text.NF_SetTileOfMap
                0x02009b64       0x44 C:/msys64/opt/wonderful/thirdparty/blocksds/external/nflib/lib\libnflib.a(nf_tiledbg.c.o)
                0x02009b64                NF_SetTileOfMap
 .text.NF_UpdateVramMap
                0x02009ba8       0xf8 C:/msys64/opt/wonderful/thirdparty/blocksds/external/nflib/lib\libnflib.a(nf_tiledbg.c.o)
                0x02009ba8                NF_UpdateVramMap
 .text.NF_RotateTileGfx
                0x02009ca0      0x100 C:/msys64/opt/wonderful/thirdparty/blocksds/external/nflib/lib\libnflib.a(nf_tiledbg.c.o)
                0x02009ca0                NF_RotateTileGfx
 .text.NF_LoadTextFont
                0x02009da0      0x1d8 C:/msys64/opt/wonderful/thirdparty/blocksds/external/nflib/lib\libnflib.a(nf_text.c.o)
                0x02009da0                NF_LoadTextFont
 .text.NF_CreateTextLayer
                0x02009f78       0x8c C:/msys64/opt/wonderful/thirdparty/blocksds/external/nflib/lib\libnflib.a(nf_text.c.o)
                0x02009f78                NF_CreateTextLayer
 .text.NF_WriteText
                0x0200a004      0x2a4 C:/msys64/opt/wonderful/thirdparty/blocksds/external/nflib/lib\libnflib.a(nf_text.c.o)
                0x0200a004                NF_WriteText
 .text.NF_UpdateTextLayers
                0x0200a2a8       0x38 C:/msys64/opt/wonderful/thirdparty/blocksds/external/nflib/lib\libnflib.a(nf_text.c.o)
                0x0200a2a8                NF_UpdateTextLayers
 .text.NF_ClearTextLayer
                0x0200a2e0       0x4c C:/msys64/opt/wonderful/thirdparty/blocksds/external/nflib/lib\libnflib.a(nf_text.c.o)
                0x0200a2e0                NF_ClearTextLayer
 .text.CP15_FlushICache
                0x0200a32c        0xc C:/msys64/opt/wonderful/thirdparty/blocksds/core/libs/libnds/lib\libnds9.a(cp15.s.o)
                0x0200a32c                CP15_FlushICache
 .text.CP15_FlushDCache
                0x0200a338        0xc C:/msys64/opt/wonderful/thirdparty/blocksds/core/libs/libnds/lib\libnds9.a(cp15.s.o)
                0x0200a338                CP15_FlushDCache
 .text.CP15_CleanAndFlushDCache
                0x0200a344       0x34 C:/msys64/opt/wonderful/thirdparty/blocksds/core/libs/libnds/lib\libnds9.a(cp15.s.o)
                0x0200a344                CP15_CleanAndFlushDCache
 .text.__libnds_mpu_setup
                0x0200a378      0x1c4 C:/msys64/opt/wonderful/thirdparty/blocksds/core/libs/libnds/lib\libnds9.a(mpu_setup.s.o)
                0x0200a378                __libnds_mpu_setup
 .text.CP15_MPUDisable
                0x0200a53c       0x3c C:/msys64/opt/wonderful/thirdparty/blocksds/core/libs/libnds/lib\libnds9.a(mpu_setup.s.o)
                0x0200a53c                CP15_MPUDisable
 .text.__libnds_mpu_jump_past_dtcm
                0x0200a578       0x4c C:/msys64/opt/wonderful/thirdparty/blocksds/core/libs/libnds/lib\libnds9.a(mpu_setup.s.o)
                0x0200a578                __libnds_mpu_jump_past_dtcm
 .text.memUncached
                0x0200a5c4       0x20 C:/msys64/opt/wonderful/thirdparty/blocksds/core/libs/libnds/lib\libnds9.a(mpu_setup.s.o)
                0x0200a5c4                memUncached
 .text.dmaSetParams
                0x0200a5e4       0x1c C:/msys64/opt/wonderful/thirdparty/blocksds/core/libs/libnds/lib\libnds9.a(dma.s.o)
                0x0200a5e4                dmaSetParams
 .text.dmaStopSafe
                0x0200a600       0x44 C:/msys64/opt/wonderful/thirdparty/blocksds/core/libs/libnds/lib\libnds9.a(dma.s.o)
                0x0200a600                dmaStopSafe
 .text.__aeabi_memcpy
                0x0200a644       0xc8 C:/msys64/opt/wonderful/thirdparty/blocksds/core/libs/libnds/lib\libnds9.a(memcpy.s.o)
                0x0200a644                __aeabi_memcpy
                0x0200a67c                __aeabi_memcpy4
                0x0200a67c                __aeabi_memcpy8
                0x0200a6e8                __ndsabi_memcpy2
 .text.__ndsabi_memcpy1
                0x0200a70c       0x14 C:/msys64/opt/wonderful/thirdparty/blocksds/core/libs/libnds/lib\libnds9.a(memcpy.s.o)
                0x0200a70c                __ndsabi_memcpy1
 .text.memcpy   0x0200a720       0x10 C:/msys64/opt/wonderful/thirdparty/blocksds/core/libs/libnds/lib\libnds9.a(memcpy.s.o)
                0x0200a720                memcpy
 .text.__aeabi_memset
                0x0200a730       0x9c C:/msys64/opt/wonderful/thirdparty/blocksds/core/libs/libnds/lib\libnds9.a(memset.s.o)
                0x0200a730                __aeabi_memset
                0x0200a754                __aeabi_memset8
                0x0200a754                __aeabi_memset4
                0x0200a760                __ndsabi_wordset4
                0x0200a764                __ndsabi_lwordset4
 .text.__ndsabi_memset1
                0x0200a7cc       0x10 C:/msys64/opt/wonderful/thirdparty/blocksds/core/libs/libnds/lib\libnds9.a(memset.s.o)
                0x0200a7cc                __ndsabi_memset1
 .text.memset   0x0200a7dc       0x1c C:/msys64/opt/wonderful/thirdparty/blocksds/core/libs/libnds/lib\libnds9.a(memset.s.o)
                0x0200a7dc                memset
 .text.newRow   0x0200a7f8       0x88 C:/msys64/opt/wonderful/thirdparty/blocksds/core/libs/libnds/lib\libnds9.a(console.c.o)
 .text.consolePrintChar.part.0
                0x0200a880      0x100 C:/msys64/opt/wonderful/thirdparty/blocksds/core/libs/libnds/lib\libnds9.a(console.c.o)
 .text.consolePrintChar
                0x0200a980       0x2c C:/msys64/opt/wonderful/thirdparty/blocksds/core/libs/libnds/lib\libnds9.a(console.c.o)
                0x0200a980                consolePrintChar
 .text.con_write
                0x0200a9ac      0x338 C:/msys64/opt/wonderful/thirdparty/blocksds/core/libs/libnds/lib\libnds9.a(console.c.o)
 .text.consoleLoadFont
                0x0200ace4      0x24c C:/msys64/opt/wonderful/thirdparty/blocksds/core/libs/libnds/lib\libnds9.a(console.c.o)
                0x0200ace4                consoleLoadFont
 .text.consoleInitEx
                0x0200af30      0x19c C:/msys64/opt/wonderful/thirdparty/blocksds/core/libs/libnds/lib\libnds9.a(console.c.o)
                0x0200af30                consoleInitEx
 .text.consoleDemoInit
                0x0200b0cc       0x48 C:/msys64/opt/wonderful/thirdparty/blocksds/core/libs/libnds/lib\libnds9.a(console.c.o)
                0x0200b0cc                consoleDemoInit
 .text.consoleSetCursor
                0x0200b114       0x24 C:/msys64/opt/wonderful/thirdparty/blocksds/core/libs/libnds/lib\libnds9.a(console.c.o)
                0x0200b114                consoleSetCursor
 .text.consoleSetColor
                0x0200b138       0x18 C:/msys64/opt/wonderful/thirdparty/blocksds/core/libs/libnds/lib\libnds9.a(console.c.o)
                0x0200b138                consoleSetColor
 .text.consoleArm7Flush
                0x0200b150       0x90 C:/msys64/opt/wonderful/thirdparty/blocksds/core/libs/libnds/lib\libnds9.a(console.c.o)
                0x0200b150                consoleArm7Flush
 .text.comutex_acquire
                0x0200b1e0       0x28 C:/msys64/opt/wonderful/thirdparty/blocksds/core/libs/libnds/lib\libnds9.a(dlmalloc.c.o)
 .text.comutex_release
                0x0200b208       0x14 C:/msys64/opt/wonderful/thirdparty/blocksds/core/libs/libnds/lib\libnds9.a(dlmalloc.c.o)
 .text.dispose_chunk.constprop.0
                0x0200b21c      0x304 C:/msys64/opt/wonderful/thirdparty/blocksds/core/libs/libnds/lib\libnds9.a(dlmalloc.c.o)
 .text.init_top.constprop.0
                0x0200b520       0x3c C:/msys64/opt/wonderful/thirdparty/blocksds/core/libs/libnds/lib\libnds9.a(dlmalloc.c.o)
 .text.segment_holding.constprop.0
                0x0200b55c       0x20 C:/msys64/opt/wonderful/thirdparty/blocksds/core/libs/libnds/lib\libnds9.a(dlmalloc.c.o)
 .text.try_realloc_chunk.constprop.0.isra.0
                0x0200b57c      0x230 C:/msys64/opt/wonderful/thirdparty/blocksds/core/libs/libnds/lib\libnds9.a(dlmalloc.c.o)
 .text.init_mparams.isra.0
                0x0200b7ac       0x5c C:/msys64/opt/wonderful/thirdparty/blocksds/core/libs/libnds/lib\libnds9.a(dlmalloc.c.o)
 .text.sys_trim.constprop.0
                0x0200b808       0xf8 C:/msys64/opt/wonderful/thirdparty/blocksds/core/libs/libnds/lib\libnds9.a(dlmalloc.c.o)
 .text.malloc   0x0200b900      0xce0 C:/msys64/opt/wonderful/thirdparty/blocksds/core/libs/libnds/lib\libnds9.a(dlmalloc.c.o)
                0x0200b900                __malloc_malloc
                0x0200b900                malloc
 .text.free     0x0200c5e0      0x360 C:/msys64/opt/wonderful/thirdparty/blocksds/core/libs/libnds/lib\libnds9.a(dlmalloc.c.o)
                0x0200c5e0                cfree
                0x0200c5e0                free
                0x0200c5e0                __malloc_free
 .text.calloc   0x0200c940       0x4a C:/msys64/opt/wonderful/thirdparty/blocksds/core/libs/libnds/lib\libnds9.a(dlmalloc.c.o)
                0x0200c940                calloc
 *fill*         0x0200c98a        0x2 ff
 .text.realloc  0x0200c98c       0xc4 C:/msys64/opt/wonderful/thirdparty/blocksds/core/libs/libnds/lib\libnds9.a(dlmalloc.c.o)
                0x0200c98c                realloc
 .text.chdir    0x0200ca50      0x11c C:/msys64/opt/wonderful/thirdparty/blocksds/core/libs/libnds/lib\libnds9.a(chdir.c.o)
                0x0200ca50                chdir
 .text.build_argv
                0x0200cb6c       0x58 C:/msys64/opt/wonderful/thirdparty/blocksds/core/libs/libnds/lib\libnds9.a(crt0_argv.c.o)
                0x0200cb6c                build_argv
 .text.fatfs_error_to_posix
                0x0200cbc4       0x24 C:/msys64/opt/wonderful/thirdparty/blocksds/core/libs/libnds/lib\libnds9.a(fatfs_helpers.c.o)
                0x0200cbc4                fatfs_error_to_posix
 .text.fatfs_timestamp_to_fattime
                0x0200cbe8       0x28 C:/msys64/opt/wonderful/thirdparty/blocksds/core/libs/libnds/lib\libnds9.a(fatfs_helpers.c.o)
                0x0200cbe8                fatfs_timestamp_to_fattime
 .text.nitrofs_read_internal_cart
                0x0200cc10       0xa4 C:/msys64/opt/wonderful/thirdparty/blocksds/core/libs/libnds/lib\libnds9.a(nitrofs_device.c.o)
 .text.nitrofs_read_internal
                0x0200ccb4       0x54 C:/msys64/opt/wonderful/thirdparty/blocksds/core/libs/libnds/lib\libnds9.a(nitrofs_device.c.o)
 .text.nitrofs_dir_state_init
                0x0200cd08       0x9c C:/msys64/opt/wonderful/thirdparty/blocksds/core/libs/libnds/lib\libnds9.a(nitrofs_device.c.o)
 .text.nitrofs_dir_state_next
                0x0200cda4       0xb0 C:/msys64/opt/wonderful/thirdparty/blocksds/core/libs/libnds/lib\libnds9.a(nitrofs_device.c.o)
 .text.nitrofs_dir_step
                0x0200ce54       0xf0 C:/msys64/opt/wonderful/thirdparty/blocksds/core/libs/libnds/lib\libnds9.a(nitrofs_device.c.o)
 .text.nitrofs_use_for_path
                0x0200cf44       0x30 C:/msys64/opt/wonderful/thirdparty/blocksds/core/libs/libnds/lib\libnds9.a(nitrofs_device.c.o)
                0x0200cf44                nitrofs_use_for_path
 .text.nitrofs_path_resolve
                0x0200cf74       0x68 C:/msys64/opt/wonderful/thirdparty/blocksds/core/libs/libnds/lib\libnds9.a(nitrofs_device.c.o)
                0x0200cf74                nitrofs_path_resolve
 .text.nitrofs_chdir
                0x0200cfdc       0x24 C:/msys64/opt/wonderful/thirdparty/blocksds/core/libs/libnds/lib\libnds9.a(nitrofs_device.c.o)
                0x0200cfdc                nitrofs_chdir
 .text.nitrofs_read
                0x0200d000       0x30 C:/msys64/opt/wonderful/thirdparty/blocksds/core/libs/libnds/lib\libnds9.a(nitrofs_device.c.o)
                0x0200d000                nitrofs_read
 .text.nitrofs_lseek
                0x0200d030       0x58 C:/msys64/opt/wonderful/thirdparty/blocksds/core/libs/libnds/lib\libnds9.a(nitrofs_device.c.o)
                0x0200d030                nitrofs_lseek
 .text.nitrofs_close
                0x0200d088       0x10 C:/msys64/opt/wonderful/thirdparty/blocksds/core/libs/libnds/lib\libnds9.a(nitrofs_device.c.o)
                0x0200d088                nitrofs_close
 .text.nitroFSOpenById
                0x0200d098       0x6c C:/msys64/opt/wonderful/thirdparty/blocksds/core/libs/libnds/lib\libnds9.a(nitrofs_device.c.o)
                0x0200d098                nitroFSOpenById
 .text.nitrofs_open
                0x0200d104       0x68 C:/msys64/opt/wonderful/thirdparty/blocksds/core/libs/libnds/lib\libnds9.a(nitrofs_device.c.o)
                0x0200d104                nitrofs_open
 .text.nitroFSInit
                0x0200d16c      0x234 C:/msys64/opt/wonderful/thirdparty/blocksds/core/libs/libnds/lib\libnds9.a(nitrofs_device.c.o)
                0x0200d16c                nitroFSInit
 .text.putc_buffered
                0x0200d3a0       0x94 C:/msys64/opt/wonderful/thirdparty/blocksds/core/libs/libnds/lib\libnds9.a(std_streams.c.o)
 .text.stderr_putc_buffered
                0x0200d434       0x20 C:/msys64/opt/wonderful/thirdparty/blocksds/core/libs/libnds/lib\libnds9.a(std_streams.c.o)
 .text.stdin_getc_keyboard
                0x0200d454       0xf0 C:/msys64/opt/wonderful/thirdparty/blocksds/core/libs/libnds/lib\libnds9.a(std_streams.c.o)
 .text.stdout_putc_buffered
                0x0200d544       0x40 C:/msys64/opt/wonderful/thirdparty/blocksds/core/libs/libnds/lib\libnds9.a(std_streams.c.o)
 .text.open     0x0200d584       0x44 C:/msys64/opt/wonderful/thirdparty/blocksds/core/libs/libnds/lib\libnds9.a(syscalls_filesystem.c.o)
                0x0200d584                open
 .text.read     0x0200d5c8       0x4c C:/msys64/opt/wonderful/thirdparty/blocksds/core/libs/libnds/lib\libnds9.a(syscalls_filesystem.c.o)
                0x0200d5c8                read
 .text.write    0x0200d614       0x80 C:/msys64/opt/wonderful/thirdparty/blocksds/core/libs/libnds/lib\libnds9.a(syscalls_filesystem.c.o)
                0x0200d614                write
 .text.close    0x0200d694       0x4c C:/msys64/opt/wonderful/thirdparty/blocksds/core/libs/libnds/lib\libnds9.a(syscalls_filesystem.c.o)
                0x0200d694                close
 .text.lseek    0x0200d6e0       0x38 C:/msys64/opt/wonderful/thirdparty/blocksds/core/libs/libnds/lib\libnds9.a(syscalls_filesystem.c.o)
                0x0200d6e0                lseek
 .text.access   0x0200d718       0x64 C:/msys64/opt/wonderful/thirdparty/blocksds/core/libs/libnds/lib\libnds9.a(syscalls_filesystem.c.o)
                0x0200d718                access
 .text.cardReadArm7
                0x0200d77c       0x6c C:/msys64/opt/wonderful/thirdparty/blocksds/core/libs/libnds/lib\libnds9.a(card.c.o)
                0x0200d77c                cardReadArm7
 .text.dldi_arm7_read_sectors
                0x0200d7e8       0x5c C:/msys64/opt/wonderful/thirdparty/blocksds/core/libs/libnds/lib\libnds9.a(dldi.c.o)
 .text.dldi_arm7_shutdown
                0x0200d844       0x3c C:/msys64/opt/wonderful/thirdparty/blocksds/core/libs/libnds/lib\libnds9.a(dldi.c.o)
 .text.dldi_arm7_clear_status
                0x0200d880       0x3c C:/msys64/opt/wonderful/thirdparty/blocksds/core/libs/libnds/lib\libnds9.a(dldi.c.o)
 .text.dldi_arm7_is_inserted
                0x0200d8bc       0x3c C:/msys64/opt/wonderful/thirdparty/blocksds/core/libs/libnds/lib\libnds9.a(dldi.c.o)
 .text.dldi_arm7_startup
                0x0200d8f8       0x50 C:/msys64/opt/wonderful/thirdparty/blocksds/core/libs/libnds/lib\libnds9.a(dldi.c.o)
 .text.dldi_arm7_write_sectors
                0x0200d948       0x5c C:/msys64/opt/wonderful/thirdparty/blocksds/core/libs/libnds/lib\libnds9.a(dldi.c.o)
 .text.dldiGetMode
                0x0200d9a4        0xc C:/msys64/opt/wonderful/thirdparty/blocksds/core/libs/libnds/lib\libnds9.a(dldi.c.o)
                0x0200d9a4                dldiGetMode
 .text.dldiGetInternal
                0x0200d9b0       0xac C:/msys64/opt/wonderful/thirdparty/blocksds/core/libs/libnds/lib\libnds9.a(dldi.c.o)
                0x0200d9b0                dldiGetInternal
 .text.dldiGetStubDataEnd
                0x0200da5c       0x1c C:/msys64/opt/wonderful/thirdparty/blocksds/core/libs/libnds/lib\libnds9.a(dldi.c.o)
                0x0200da5c                dldiGetStubDataEnd
 .text.dldiGetStubEnd
                0x0200da78        0x8 C:/msys64/opt/wonderful/thirdparty/blocksds/core/libs/libnds/lib\libnds9.a(dldi.c.o)
                0x0200da78                dldiGetStubEnd
 .text.initSystem
                0x0200da80      0x12c C:/msys64/opt/wonderful/thirdparty/blocksds/core/libs/libnds/lib\libnds9.a(initSystem.c.o)
                0x0200da80                initSystem
 .text.scanKeys
                0x0200dbac       0xcc C:/msys64/opt/wonderful/thirdparty/blocksds/core/libs/libnds/lib\libnds9.a(keys.c.o)
                0x0200dbac                scanKeys
 .text.keysHeld
                0x0200dc78        0xc C:/msys64/opt/wonderful/thirdparty/blocksds/core/libs/libnds/lib\libnds9.a(keys.c.o)
                0x0200dc78                keysHeld
 .text.keysDown
                0x0200dc84        0xc C:/msys64/opt/wonderful/thirdparty/blocksds/core/libs/libnds/lib\libnds9.a(keys.c.o)
                0x0200dc84                keysDown
 .text.touchRead
                0x0200dc90       0x24 C:/msys64/opt/wonderful/thirdparty/blocksds/core/libs/libnds/lib\libnds9.a(keys.c.o)
                0x0200dc90                touchRead
 .text.setTransferInputData
                0x0200dcb4       0x1c C:/msys64/opt/wonderful/thirdparty/blocksds/core/libs/libnds/lib\libnds9.a(keys.c.o)
                0x0200dcb4                setTransferInputData
 .text.systemValueHandler
                0x0200dcd0       0xc4 C:/msys64/opt/wonderful/thirdparty/blocksds/core/libs/libnds/lib\libnds9.a(system.c.o)
                0x0200dcd0                systemValueHandler
 .text.systemMsgHandler
                0x0200dd94       0x2c C:/msys64/opt/wonderful/thirdparty/blocksds/core/libs/libnds/lib\libnds9.a(system.c.o)
                0x0200dd94                systemMsgHandler
 .text.memBufferIsInMainRam
                0x0200ddc0       0x1c C:/msys64/opt/wonderful/thirdparty/blocksds/core/libs/libnds/lib\libnds9.a(system.c.o)
                0x0200ddc0                memBufferIsInMainRam
 .text.checkIfText
                0x0200dddc       0x6c C:/msys64/opt/wonderful/thirdparty/blocksds/core/libs/libnds/lib\libnds9.a(background.c.o)
                0x0200dddc                checkIfText
 .text.bgUpdate
                0x0200de48       0xf0 C:/msys64/opt/wonderful/thirdparty/blocksds/core/libs/libnds/lib\libnds9.a(background.c.o)
                0x0200de48                bgUpdate
 .text.bgInitHidden
                0x0200df38       0xa8 C:/msys64/opt/wonderful/thirdparty/blocksds/core/libs/libnds/lib\libnds9.a(background.c.o)
                0x0200df38                bgInitHidden
 .text.bgInit   0x0200dfe0       0x48 C:/msys64/opt/wonderful/thirdparty/blocksds/core/libs/libnds/lib\libnds9.a(background.c.o)
                0x0200dfe0                bgInit
 .text.bgInitHiddenSub
                0x0200e028       0xac C:/msys64/opt/wonderful/thirdparty/blocksds/core/libs/libnds/lib\libnds9.a(background.c.o)
                0x0200e028                bgInitHiddenSub
 .text.bgInitSub
                0x0200e0d4       0x48 C:/msys64/opt/wonderful/thirdparty/blocksds/core/libs/libnds/lib\libnds9.a(background.c.o)
                0x0200e0d4                bgInitSub
 .text.oamInit  0x0200e11c      0x100 C:/msys64/opt/wonderful/thirdparty/blocksds/core/libs/libnds/lib\libnds9.a(sprite.c.o)
                0x0200e11c                oamInit
 .text.oamGfxPtrToOffset
                0x0200e21c       0x34 C:/msys64/opt/wonderful/thirdparty/blocksds/core/libs/libnds/lib\libnds9.a(sprite.c.o)
                0x0200e21c                oamGfxPtrToOffset
 .text.oamSet   0x0200e250      0x10c C:/msys64/opt/wonderful/thirdparty/blocksds/core/libs/libnds/lib\libnds9.a(sprite.c.o)
                0x0200e250                oamSet
 .text.oamUpdate
                0x0200e35c       0x50 C:/msys64/opt/wonderful/thirdparty/blocksds/core/libs/libnds/lib\libnds9.a(sprite.c.o)
                0x0200e35c                oamUpdate
 .text.oamAllocReset
                0x0200e3ac       0x1c C:/msys64/opt/wonderful/thirdparty/blocksds/core/libs/libnds/lib\libnds9.a(sprite_alloc.c.o)
                0x0200e3ac                oamAllocReset
 .text.setBrightness
                0x0200e3c8       0x40 C:/msys64/opt/wonderful/thirdparty/blocksds/core/libs/libnds/lib\libnds9.a(video.c.o)
                0x0200e3c8                setBrightness
 .text.vramDefault
                0x0200e408       0xe4 C:/msys64/opt/wonderful/thirdparty/blocksds/core/libs/libnds/lib\libnds9.a(video.c.o)
                0x0200e408                vramDefault
 .text.cardPolledTransfer
                0x0200e4ec       0x5c C:/msys64/opt/wonderful/thirdparty/blocksds/core/libs/libnds/lib\libnds9.a(card.c.o)
                0x0200e4ec                cardPolledTransfer
 .text.cardRead
                0x0200e548      0x190 C:/msys64/opt/wonderful/thirdparty/blocksds/core/libs/libnds/lib\libnds9.a(card.c.o)
                0x0200e548                cardRead
 .text.cothread_delete_internal
                0x0200e6d8       0xb4 C:/msys64/opt/wonderful/thirdparty/blocksds/core/libs/libnds/lib\libnds9.a(threads.c.o)
 .text.cothread_main
                0x0200e78c       0x1c C:/msys64/opt/wonderful/thirdparty/blocksds/core/libs/libnds/lib\libnds9.a(threads.c.o)
                0x0200e78c                cothread_main
 .text.cothread_yield
                0x0200e7a8       0x20 C:/msys64/opt/wonderful/thirdparty/blocksds/core/libs/libnds/lib\libnds9.a(threads.c.o)
                0x0200e7a8                cothread_yield
 .text.cothread_yield_irq
                0x0200e7c8       0xa8 C:/msys64/opt/wonderful/thirdparty/blocksds/core/libs/libnds/lib\libnds9.a(threads.c.o)
                0x0200e7c8                cothread_yield_irq
 .text.cothread_start
                0x0200e870      0x114 C:/msys64/opt/wonderful/thirdparty/blocksds/core/libs/libnds/lib\libnds9.a(threads.c.o)
                0x0200e870                cothread_start
 .text.setExceptionHandler
                0x0200e984       0x18 C:/msys64/opt/wonderful/thirdparty/blocksds/core/libs/libnds/lib\libnds9.a(exceptions.c.o)
                0x0200e984                setExceptionHandler
 .text.libndsCrash
                0x0200e99c        0xc C:/msys64/opt/wonderful/thirdparty/blocksds/core/libs/libnds/lib\libnds9.a(exceptions.c.o)
                0x0200e99c                libndsCrash
 .text.fifo_buffer_wait_block
                0x0200e9a8       0x74 C:/msys64/opt/wonderful/thirdparty/blocksds/core/libs/libnds/lib\libnds9.a(fifosystem.c.o)
 .text.fifoFillTxFifoFromBuffer
                0x0200ea1c       0xa0 C:/msys64/opt/wonderful/thirdparty/blocksds/core/libs/libnds/lib\libnds9.a(fifosystem.c.o)
 .text.fifoInternalSendInterrupt
                0x0200eabc        0x8 C:/msys64/opt/wonderful/thirdparty/blocksds/core/libs/libnds/lib\libnds9.a(fifosystem.c.o)
 .text.fifoInternalSend
                0x0200eac4       0xd8 C:/msys64/opt/wonderful/thirdparty/blocksds/core/libs/libnds/lib\libnds9.a(fifosystem.c.o)
 .text.fifoSendValue32
                0x0200eb9c       0x3c C:/msys64/opt/wonderful/thirdparty/blocksds/core/libs/libnds/lib\libnds9.a(fifosystem.c.o)
                0x0200eb9c                fifoSendValue32
 .text.fifoSendDatamsg
                0x0200ebd8       0x84 C:/msys64/opt/wonderful/thirdparty/blocksds/core/libs/libnds/lib\libnds9.a(fifosystem.c.o)
                0x0200ebd8                fifoSendDatamsg
 .text.fifoGetDatamsg
                0x0200ec5c       0xe0 C:/msys64/opt/wonderful/thirdparty/blocksds/core/libs/libnds/lib\libnds9.a(fifosystem.c.o)
                0x0200ec5c                fifoGetDatamsg
 .text.fifoReadRxFifoAndProcessBuffer
                0x0200ed3c      0x344 C:/msys64/opt/wonderful/thirdparty/blocksds/core/libs/libnds/lib\libnds9.a(fifosystem.c.o)
 .text.fifoGetAddress
                0x0200f080       0x7c C:/msys64/opt/wonderful/thirdparty/blocksds/core/libs/libnds/lib\libnds9.a(fifosystem.c.o)
                0x0200f080                fifoGetAddress
 .text.fifoGetValue32
                0x0200f0fc       0x7c C:/msys64/opt/wonderful/thirdparty/blocksds/core/libs/libnds/lib\libnds9.a(fifosystem.c.o)
                0x0200f0fc                fifoGetValue32
 .text.fifoInternalRecvInterrupt
                0x0200f178        0x8 C:/msys64/opt/wonderful/thirdparty/blocksds/core/libs/libnds/lib\libnds9.a(fifosystem.c.o)
 .text.fifoSetValue32Handler
                0x0200f180       0x80 C:/msys64/opt/wonderful/thirdparty/blocksds/core/libs/libnds/lib\libnds9.a(fifosystem.c.o)
                0x0200f180                fifoSetValue32Handler
 .text.fifoSetDatamsgHandler
                0x0200f200       0xa8 C:/msys64/opt/wonderful/thirdparty/blocksds/core/libs/libnds/lib\libnds9.a(fifosystem.c.o)
                0x0200f200                fifoSetDatamsgHandler
 .text.fifoCheckAddress
                0x0200f2a8       0x34 C:/msys64/opt/wonderful/thirdparty/blocksds/core/libs/libnds/lib\libnds9.a(fifosystem.c.o)
                0x0200f2a8                fifoCheckAddress
 .text.fifoCheckValue32
                0x0200f2dc       0x34 C:/msys64/opt/wonderful/thirdparty/blocksds/core/libs/libnds/lib\libnds9.a(fifosystem.c.o)
                0x0200f2dc                fifoCheckValue32
 .text.fifoInit
                0x0200f310      0x138 C:/msys64/opt/wonderful/thirdparty/blocksds/core/libs/libnds/lib\libnds9.a(fifosystem.c.o)
                0x0200f310                fifoInit
 .text.fifoMutexAcquire
                0x0200f448       0x34 C:/msys64/opt/wonderful/thirdparty/blocksds/core/libs/libnds/lib\libnds9.a(fifosystem.c.o)
                0x0200f448                fifoMutexAcquire
 .text.fifoMutexRelease
                0x0200f47c       0x20 C:/msys64/opt/wonderful/thirdparty/blocksds/core/libs/libnds/lib\libnds9.a(fifosystem.c.o)
                0x0200f47c                fifoMutexRelease
 .text.irqSet   0x0200f49c       0x90 C:/msys64/opt/wonderful/thirdparty/blocksds/core/libs/libnds/lib\libnds9.a(interrupts.c.o)
                0x0200f49c                irqSet
 .text.irqInit  0x0200f52c       0x44 C:/msys64/opt/wonderful/thirdparty/blocksds/core/libs/libnds/lib\libnds9.a(interrupts.c.o)
                0x0200f52c                irqInit
 .text.irqEnable
                0x0200f570       0x64 C:/msys64/opt/wonderful/thirdparty/blocksds/core/libs/libnds/lib\libnds9.a(interrupts.c.o)
                0x0200f570                irqEnable
 .text.systemErrorExit
                0x0200f5d4        0x4 C:/msys64/opt/wonderful/thirdparty/blocksds/core/libs/libnds/lib\libnds9.a(exit.c.o)
                0x0200f5d4                systemErrorExit
 .text.__libnds_exit
                0x0200f5d8        0x8 C:/msys64/opt/wonderful/thirdparty/blocksds/core/libs/libnds/lib\libnds9.a(exit.c.o)
                0x0200f5d8                __libnds_exit
 .text._exit    0x0200f5e0      0x10c C:/msys64/opt/wonderful/thirdparty/blocksds/core/libs/libnds/lib\libnds9.a(exit.c.o)
                0x0200f5e0                _exit
 .text.reduceHeapSize
                0x0200f6ec       0x2c C:/msys64/opt/wonderful/thirdparty/blocksds/core/libs/libnds/lib\libnds9.a(heapfuncs.c.o)
                0x0200f6ec                reduceHeapSize
 .text.__retarget_lock_init_recursive
                0x0200f718       0x44 C:/msys64/opt/wonderful/thirdparty/blocksds/core/libs/libnds/lib\libnds9.a(locks.c.o)
                0x0200f718                __retarget_lock_init_recursive
 .text.__retarget_lock_acquire_recursive
                0x0200f75c       0x70 C:/msys64/opt/wonderful/thirdparty/blocksds/core/libs/libnds/lib\libnds9.a(locks.c.o)
                0x0200f75c                __retarget_lock_acquire_recursive
 .text.__retarget_lock_release_recursive
                0x0200f7cc       0x58 C:/msys64/opt/wonderful/thirdparty/blocksds/core/libs/libnds/lib\libnds9.a(locks.c.o)
                0x0200f7cc                __retarget_lock_release_recursive
 .text.__retarget_lock_init
                0x0200f824        0x8 C:/msys64/opt/wonderful/thirdparty/blocksds/core/libs/libnds/lib\libnds9.a(locks.c.o)
                0x0200f824                __retarget_lock_init
 .text.__retarget_lock_close
                0x0200f82c       0x30 C:/msys64/opt/wonderful/thirdparty/blocksds/core/libs/libnds/lib\libnds9.a(locks.c.o)
                0x0200f82c                __retarget_lock_close
 .text.__retarget_lock_acquire
                0x0200f85c        0x8 C:/msys64/opt/wonderful/thirdparty/blocksds/core/libs/libnds/lib\libnds9.a(locks.c.o)
                0x0200f85c                __retarget_lock_acquire
 .text.__retarget_lock_release
                0x0200f864        0x8 C:/msys64/opt/wonderful/thirdparty/blocksds/core/libs/libnds/lib\libnds9.a(locks.c.o)
                0x0200f864                __retarget_lock_release
 .text.sbrk     0x0200f86c       0x44 C:/msys64/opt/wonderful/thirdparty/blocksds/core/libs/libnds/lib\libnds9.a(sbrk.c.o)
                0x0200f86c                sbrk
 .text.__ndsabi_coro_make_noctx
                0x0200f8b0       0x28 C:/msys64/opt/wonderful/thirdparty/blocksds/core/libs/libnds/lib\libnds9.a(coroutine.c.o)
                0x0200f8b0                __ndsabi_coro_make_noctx
 .text.tchar2uni
                0x0200f8d8       0xb4 C:/msys64/opt/wonderful/thirdparty/blocksds/core/libs/libnds/lib\libnds9.a(ff.c.o)
 .text.get_ldnumber
                0x0200f98c       0xdc C:/msys64/opt/wonderful/thirdparty/blocksds/core/libs/libnds/lib\libnds9.a(ff.c.o)
 .text.put_utf  0x0200fa68       0xfc C:/msys64/opt/wonderful/thirdparty/blocksds/core/libs/libnds/lib\libnds9.a(ff.c.o)
 .text.get_fileinfo
                0x0200fb64      0x190 C:/msys64/opt/wonderful/thirdparty/blocksds/core/libs/libnds/lib\libnds9.a(ff.c.o)
 .text.dir_clear
                0x0200fcf4      0x10c C:/msys64/opt/wonderful/thirdparty/blocksds/core/libs/libnds/lib\libnds9.a(ff.c.o)
 .text.unlock_volume.part.0.isra.0
                0x0200fe00        0x8 C:/msys64/opt/wonderful/thirdparty/blocksds/core/libs/libnds/lib\libnds9.a(ff.c.o)
 .text.sync_fs  0x0200fe08       0xb8 C:/msys64/opt/wonderful/thirdparty/blocksds/core/libs/libnds/lib\libnds9.a(ff.c.o)
 .text.move_window
                0x0200fec0       0x78 C:/msys64/opt/wonderful/thirdparty/blocksds/core/libs/libnds/lib\libnds9.a(ff.c.o)
 .text.put_fat.part.0
                0x0200ff38      0x10c C:/msys64/opt/wonderful/thirdparty/blocksds/core/libs/libnds/lib\libnds9.a(ff.c.o)
 .text.get_fat.isra.0
                0x02010044       0xb8 C:/msys64/opt/wonderful/thirdparty/blocksds/core/libs/libnds/lib\libnds9.a(ff.c.o)
 .text.remove_chain
                0x020100fc       0x84 C:/msys64/opt/wonderful/thirdparty/blocksds/core/libs/libnds/lib\libnds9.a(ff.c.o)
 .text.create_chain
                0x02010180      0x124 C:/msys64/opt/wonderful/thirdparty/blocksds/core/libs/libnds/lib\libnds9.a(ff.c.o)
 .text.dir_next
                0x020102a4       0xd4 C:/msys64/opt/wonderful/thirdparty/blocksds/core/libs/libnds/lib\libnds9.a(ff.c.o)
 .text.dir_sdi  0x02010378       0x9c C:/msys64/opt/wonderful/thirdparty/blocksds/core/libs/libnds/lib\libnds9.a(ff.c.o)
 .text.dir_alloc
                0x02010414       0x4c C:/msys64/opt/wonderful/thirdparty/blocksds/core/libs/libnds/lib\libnds9.a(ff.c.o)
 .text.dir_find
                0x02010460      0x1d0 C:/msys64/opt/wonderful/thirdparty/blocksds/core/libs/libnds/lib\libnds9.a(ff.c.o)
 .text.follow_path
                0x02010630      0x41c C:/msys64/opt/wonderful/thirdparty/blocksds/core/libs/libnds/lib\libnds9.a(ff.c.o)
 .text.dir_register
                0x02010a4c      0x304 C:/msys64/opt/wonderful/thirdparty/blocksds/core/libs/libnds/lib\libnds9.a(ff.c.o)
 .text.validate
                0x02010d50       0x58 C:/msys64/opt/wonderful/thirdparty/blocksds/core/libs/libnds/lib\libnds9.a(ff.c.o)
 .text.check_fs
                0x02010da8      0x150 C:/msys64/opt/wonderful/thirdparty/blocksds/core/libs/libnds/lib\libnds9.a(ff.c.o)
 .text.mount_volume
                0x02010ef8      0x354 C:/msys64/opt/wonderful/thirdparty/blocksds/core/libs/libnds/lib\libnds9.a(ff.c.o)
 .text.f_mount  0x0201124c       0x9c C:/msys64/opt/wonderful/thirdparty/blocksds/core/libs/libnds/lib\libnds9.a(ff.c.o)
                0x0201124c                libnds_f_mount
 .text.f_open   0x020112e8      0x2c0 C:/msys64/opt/wonderful/thirdparty/blocksds/core/libs/libnds/lib\libnds9.a(ff.c.o)
                0x020112e8                libnds_f_open
 .text.f_read   0x020115a8      0x298 C:/msys64/opt/wonderful/thirdparty/blocksds/core/libs/libnds/lib\libnds9.a(ff.c.o)
                0x020115a8                libnds_f_read
 .text.f_write  0x02011840      0x2ec C:/msys64/opt/wonderful/thirdparty/blocksds/core/libs/libnds/lib\libnds9.a(ff.c.o)
                0x02011840                libnds_f_write
 .text.f_sync   0x02011b2c       0xd8 C:/msys64/opt/wonderful/thirdparty/blocksds/core/libs/libnds/lib\libnds9.a(ff.c.o)
                0x02011b2c                libnds_f_sync
 .text.f_close  0x02011c04       0x30 C:/msys64/opt/wonderful/thirdparty/blocksds/core/libs/libnds/lib\libnds9.a(ff.c.o)
                0x02011c04                libnds_f_close
 .text.f_chdrive
                0x02011c34       0x24 C:/msys64/opt/wonderful/thirdparty/blocksds/core/libs/libnds/lib\libnds9.a(ff.c.o)
                0x02011c34                libnds_f_chdrive
 .text.f_chdir  0x02011c58       0xb0 C:/msys64/opt/wonderful/thirdparty/blocksds/core/libs/libnds/lib\libnds9.a(ff.c.o)
                0x02011c58                libnds_f_chdir
 .text.f_lseek  0x02011d08      0x310 C:/msys64/opt/wonderful/thirdparty/blocksds/core/libs/libnds/lib\libnds9.a(ff.c.o)
                0x02011d08                libnds_f_lseek
 .text.f_stat   0x02012018       0xd8 C:/msys64/opt/wonderful/thirdparty/blocksds/core/libs/libnds/lib\libnds9.a(ff.c.o)
                0x02012018                libnds_f_stat
 .text.ff_uni2oem
                0x020120f0       0x40 C:/msys64/opt/wonderful/thirdparty/blocksds/core/libs/libnds/lib\libnds9.a(ffunicode.c.o)
                0x020120f0                libnds_ff_uni2oem
 .text.ff_oem2uni
                0x02012130       0x2c C:/msys64/opt/wonderful/thirdparty/blocksds/core/libs/libnds/lib\libnds9.a(ffunicode.c.o)
                0x02012130                libnds_ff_oem2uni
 .text.ff_wtoupper
                0x0201215c       0xcc C:/msys64/opt/wonderful/thirdparty/blocksds/core/libs/libnds/lib\libnds9.a(ffunicode.c.o)
                0x0201215c                libnds_ff_wtoupper
 .text.__aeabi_read_tp
                0x02012228        0xc C:/msys64/opt/wonderful/thirdparty/blocksds/core/libs/libnds/lib\libnds9.a(aeabi_read_tp.s.o)
                0x02012228                __aeabi_read_tp
 .text.enterException
                0x02012234       0xd4 C:/msys64/opt/wonderful/thirdparty/blocksds/core/libs/libnds/lib\libnds9.a(exceptionHandler.s.o)
                0x02012234                enterException
                0x020122a8                exceptionC
                0x020122ac                exceptionStack
                0x020122b0                exceptionRegisters
 .text.__ndsabi_coro_resume
                0x02012308       0x18 C:/msys64/opt/wonderful/thirdparty/blocksds/core/libs/libnds/lib\libnds9.a(coroutine.s.o)
                0x02012308                __ndsabi_coro_resume
 .text.__ndsabi_coro_yield
                0x02012320       0x1c C:/msys64/opt/wonderful/thirdparty/blocksds/core/libs/libnds/lib\libnds9.a(coroutine.s.o)
                0x02012320                __ndsabi_coro_yield
 .text.__ndsabi_coro_pop_noctx
                0x0201233c       0x34 C:/msys64/opt/wonderful/thirdparty/blocksds/core/libs/libnds/lib\libnds9.a(coroutine.s.o)
                0x0201233c                __ndsabi_coro_pop_noctx
 .text.keyboardShiftState.part.0
                0x02012370       0x78 C:/msys64/opt/wonderful/thirdparty/blocksds/core/libs/libnds/lib\libnds9.a(keyboard.c.o)
 .text.swapKeyGfx.part.0
                0x020123e8      0x134 C:/msys64/opt/wonderful/thirdparty/blocksds/core/libs/libnds/lib\libnds9.a(keyboard.c.o)
 .text.keyboardGetKey
                0x0201251c       0x64 C:/msys64/opt/wonderful/thirdparty/blocksds/core/libs/libnds/lib\libnds9.a(keyboard.c.o)
                0x0201251c                keyboardGetKey
 .text.keyboardUpdate
                0x02012580      0x11c C:/msys64/opt/wonderful/thirdparty/blocksds/core/libs/libnds/lib\libnds9.a(keyboard.c.o)
                0x02012580                keyboardUpdate
 .text.keyboardShow
                0x0201269c      0x140 C:/msys64/opt/wonderful/thirdparty/blocksds/core/libs/libnds/lib\libnds9.a(keyboard.c.o)
                0x0201269c                keyboardShow
 .text.keyboardHide
                0x020127dc       0x90 C:/msys64/opt/wonderful/thirdparty/blocksds/core/libs/libnds/lib\libnds9.a(keyboard.c.o)
                0x020127dc                keyboardHide
 .text.cache_initialized
                0x0201286c       0x10 C:/msys64/opt/wonderful/thirdparty/blocksds/core/libs/libnds/lib\libnds9.a(cache.c.o)
                0x0201286c                cache_initialized
 .text.cache_init
                0x0201287c       0xac C:/msys64/opt/wonderful/thirdparty/blocksds/core/libs/libnds/lib\libnds9.a(cache.c.o)
                0x0201287c                cache_init
 .text.cache_sector_get
                0x02012928       0x70 C:/msys64/opt/wonderful/thirdparty/blocksds/core/libs/libnds/lib\libnds9.a(cache.c.o)
                0x02012928                cache_sector_get
 .text.cache_sector_add
                0x02012998       0xb0 C:/msys64/opt/wonderful/thirdparty/blocksds/core/libs/libnds/lib\libnds9.a(cache.c.o)
                0x02012998                cache_sector_add
 .text.cache_sector_invalidate
                0x02012a48       0x4c C:/msys64/opt/wonderful/thirdparty/blocksds/core/libs/libnds/lib\libnds9.a(cache.c.o)
                0x02012a48                cache_sector_invalidate
 .text.disk_status
                0x02012a94       0x6c C:/msys64/opt/wonderful/thirdparty/blocksds/core/libs/libnds/lib\libnds9.a(diskio.c.o)
                0x02012a94                libnds_disk_status
 .text.disk_initialize
                0x02012b00       0x74 C:/msys64/opt/wonderful/thirdparty/blocksds/core/libs/libnds/lib\libnds9.a(diskio.c.o)
                0x02012b00                libnds_disk_initialize
 .text.disk_read
                0x02012b74      0x104 C:/msys64/opt/wonderful/thirdparty/blocksds/core/libs/libnds/lib\libnds9.a(diskio.c.o)
                0x02012b74                libnds_disk_read
 .text.disk_write
                0x02012c78       0xbc C:/msys64/opt/wonderful/thirdparty/blocksds/core/libs/libnds/lib\libnds9.a(diskio.c.o)
                0x02012c78                libnds_disk_write
 .text.disk_ioctl
                0x02012d34       0x48 C:/msys64/opt/wonderful/thirdparty/blocksds/core/libs/libnds/lib\libnds9.a(diskio.c.o)
                0x02012d34                libnds_disk_ioctl
 .text.get_fattime
                0x02012d7c       0x1c C:/msys64/opt/wonderful/thirdparty/blocksds/core/libs/libnds/lib\libnds9.a(diskio.c.o)
                0x02012d7c                libnds_ff_get_fattime
 .text.ff_mutex_create
                0x02012d98       0x10 C:/msys64/opt/wonderful/thirdparty/blocksds/core/libs/libnds/lib\libnds9.a(ffsystem.c.o)
                0x02012d98                libnds_ff_mutex_create
 .text.ff_mutex_delete
                0x02012da8        0x4 C:/msys64/opt/wonderful/thirdparty/blocksds/core/libs/libnds/lib\libnds9.a(ffsystem.c.o)
                0x02012da8                libnds_ff_mutex_delete
 .text.ff_mutex_take
                0x02012dac       0x18 C:/msys64/opt/wonderful/thirdparty/blocksds/core/libs/libnds/lib\libnds9.a(ffsystem.c.o)
                0x02012dac                libnds_ff_mutex_take
 .text.ff_mutex_give
                0x02012dc4       0x1c C:/msys64/opt/wonderful/thirdparty/blocksds/core/libs/libnds/lib\libnds9.a(ffsystem.c.o)
                0x02012dc4                libnds_ff_mutex_give
 .text.fat_open
                0x02012de0       0xcc C:/msys64/opt/wonderful/thirdparty/blocksds/core/libs/libnds/lib\libnds9.a(fat_device.c.o)
                0x02012de0                fat_open
 .text.fat_read
                0x02012eac       0x38 C:/msys64/opt/wonderful/thirdparty/blocksds/core/libs/libnds/lib\libnds9.a(fat_device.c.o)
                0x02012eac                fat_read
 .text.fat_write
                0x02012ee4       0x38 C:/msys64/opt/wonderful/thirdparty/blocksds/core/libs/libnds/lib\libnds9.a(fat_device.c.o)
                0x02012ee4                fat_write
 .text.fat_close
                0x02012f1c       0x44 C:/msys64/opt/wonderful/thirdparty/blocksds/core/libs/libnds/lib\libnds9.a(fat_device.c.o)
                0x02012f1c                fat_close
 .text.fat_lseek
                0x02012f60       0x64 C:/msys64/opt/wonderful/thirdparty/blocksds/core/libs/libnds/lib\libnds9.a(fat_device.c.o)
                0x02012f60                fat_lseek
 .text.fat_access
                0x02012fc4       0x70 C:/msys64/opt/wonderful/thirdparty/blocksds/core/libs/libnds/lib\libnds9.a(fat_device.c.o)
                0x02012fc4                fat_access
 .text.fatGetDefaultCwd
                0x02013034      0x100 C:/msys64/opt/wonderful/thirdparty/blocksds/core/libs/libnds/lib\libnds9.a(filesystem_setup.c.o)
                0x02013034                fatGetDefaultCwd
 .text.nandInit
                0x02013134       0xac C:/msys64/opt/wonderful/thirdparty/blocksds/core/libs/libnds/lib\libnds9.a(filesystem_setup.c.o)
                0x02013134                nandInit
 .text.fatInit.part.0
                0x020131e0      0x17c C:/msys64/opt/wonderful/thirdparty/blocksds/core/libs/libnds/lib\libnds9.a(filesystem_setup.c.o)
 .text.fatInitDefault
                0x0201335c       0x24 C:/msys64/opt/wonderful/thirdparty/blocksds/core/libs/libnds/lib\libnds9.a(filesystem_setup.c.o)
                0x0201335c                fatInitDefault
 .text.fatInitLookupCache
                0x02013380       0x68 C:/msys64/opt/wonderful/thirdparty/blocksds/core/libs/libnds/lib\libnds9.a(filesystem_setup.c.o)
                0x02013380                fatInitLookupCache
 .text.__sassert
                0x020133e8       0x90 C:/msys64/opt/wonderful/thirdparty/blocksds/core/libs/libnds/lib\libnds9.a(sassert.c.o)
                0x020133e8                __sassert
 .text.get_io_dsinand
                0x02013478       0x18 C:/msys64/opt/wonderful/thirdparty/blocksds/core/libs/libnds/lib\libnds9.a(nandfs.c.o)
                0x02013478                get_io_dsinand
 .text.get_io_dsisd
                0x02013490       0x24 C:/msys64/opt/wonderful/thirdparty/blocksds/core/libs/libnds/lib\libnds9.a(sdmmc.c.o)
                0x02013490                get_io_dsisd
 .text.releaseCrashHandler
                0x020134b4       0x7c C:/msys64/opt/wonderful/thirdparty/blocksds/core/libs/libnds/lib\libnds9.a(exceptions.c.o)
 .text.exceptionStatePrint
                0x02013530       0xf4 C:/msys64/opt/wonderful/thirdparty/blocksds/core/libs/libnds/lib\libnds9.a(exceptions.c.o)
                0x02013530                exceptionStatePrint
 .text.releaseExceptionHandler
                0x02013624       0x10 C:/msys64/opt/wonderful/thirdparty/blocksds/core/libs/libnds/lib\libnds9.a(exceptions.c.o)
                0x02013624                releaseExceptionHandler
 .text.sinLutLookup
                0x02013634       0x4c C:/msys64/opt/wonderful/thirdparty/blocksds/core/libs/libnds/lib\libnds9.a(trig.c.o)
                0x02013634                sinLutLookup
 .text.sinLerp  0x02013680       0x38 C:/msys64/opt/wonderful/thirdparty/blocksds/core/libs/libnds/lib\libnds9.a(trig.c.o)
                0x02013680                sinLerp
 .text.cosLerp  0x020136b8       0x44 C:/msys64/opt/wonderful/thirdparty/blocksds/core/libs/libnds/lib\libnds9.a(trig.c.o)
                0x020136b8                cosLerp
 .text.getCPSR  0x020136fc        0x8 C:/msys64/opt/wonderful/thirdparty/blocksds/core/libs/libnds/lib\libnds9.a(cpu.s.o)
                0x020136fc                getCPSR
 .text.__libc_init_array
                0x02013704       0x1c C:/msys64/opt/wonderful/toolchain/gcc-arm-none-eabi/lib/gcc/arm-none-eabi/15.2.1/../../../../arm-none-eabi/lib/thumb/arm946e-s\libc.a(libc_misc_init.c.o)
                0x02013704                __libc_init_array
 .text.fclose   0x02013720       0x18 C:/msys64/opt/wonderful/toolchain/gcc-arm-none-eabi/lib/gcc/arm-none-eabi/15.2.1/../../../../arm-none-eabi/lib/thumb/arm946e-s\libc.a(libc_stdio_fclose.c.o)
                0x02013720                fclose
 .text.fdopen   0x02013738       0x98 C:/msys64/opt/wonderful/toolchain/gcc-arm-none-eabi/lib/gcc/arm-none-eabi/15.2.1/../../../../arm-none-eabi/lib/thumb/arm946e-s\libc.a(libc_stdio_fdopen.c.o)
                0x02013738                fdopen
 .text.fflush   0x020137d0       0x1a C:/msys64/opt/wonderful/toolchain/gcc-arm-none-eabi/lib/gcc/arm-none-eabi/15.2.1/../../../../arm-none-eabi/lib/thumb/arm946e-s\libc.a(libc_stdio_fflush.c.o)
                0x020137d0                fflush
 .text.fileno   0x020137ea       0x10 C:/msys64/opt/wonderful/toolchain/gcc-arm-none-eabi/lib/gcc/arm-none-eabi/15.2.1/../../../../arm-none-eabi/lib/thumb/arm946e-s\libc.a(libc_stdio_fileno.c.o)
                0x020137ea                fileno
 .text.fopen    0x020137fa       0x3a C:/msys64/opt/wonderful/toolchain/gcc-arm-none-eabi/lib/gcc/arm-none-eabi/15.2.1/../../../../arm-none-eabi/lib/thumb/arm946e-s\libc.a(libc_stdio_fopen.c.o)
                0x020137fa                fopen
 .text.fread    0x02013834      0x1b8 C:/msys64/opt/wonderful/toolchain/gcc-arm-none-eabi/lib/gcc/arm-none-eabi/15.2.1/../../../../arm-none-eabi/lib/thumb/arm946e-s\libc.a(libc_stdio_fread.c.o)
                0x02013834                fread
 .text.fseek    0x020139ec       0x40 C:/msys64/opt/wonderful/toolchain/gcc-arm-none-eabi/lib/gcc/arm-none-eabi/15.2.1/../../../../arm-none-eabi/lib/thumb/arm946e-s\libc.a(libc_stdio_fseek.c.o)
                0x020139ec                fseek
 .text.fseeko   0x02013a2c       0x40 C:/msys64/opt/wonderful/toolchain/gcc-arm-none-eabi/lib/gcc/arm-none-eabi/15.2.1/../../../../arm-none-eabi/lib/thumb/arm946e-s\libc.a(libc_stdio_fseeko.c.o)
                0x02013a2c                fseeko
 .text.ftell    0x02013a6c       0x3c C:/msys64/opt/wonderful/toolchain/gcc-arm-none-eabi/lib/gcc/arm-none-eabi/15.2.1/../../../../arm-none-eabi/lib/thumb/arm946e-s\libc.a(libc_stdio_ftell.c.o)
                0x02013a6c                ftell
 .text.fwrite   0x02013aa8      0x16e C:/msys64/opt/wonderful/toolchain/gcc-arm-none-eabi/lib/gcc/arm-none-eabi/15.2.1/../../../../arm-none-eabi/lib/thumb/arm946e-s\libc.a(libc_stdio_fwrite.c.o)
                0x02013aa8                fwrite
 *fill*         0x02013c16        0x2 ff
 .text.printf   0x02013c18       0x20 C:/msys64/opt/wonderful/toolchain/gcc-arm-none-eabi/lib/gcc/arm-none-eabi/15.2.1/../../../../arm-none-eabi/lib/thumb/arm946e-s\libc.a(libc_stdio_printf.c.o)
                0x02013c18                printf
 .text.putchar  0x02013c38       0x10 C:/msys64/opt/wonderful/toolchain/gcc-arm-none-eabi/lib/gcc/arm-none-eabi/15.2.1/../../../../arm-none-eabi/lib/thumb/arm946e-s\libc.a(libc_stdio_putchar.c.o)
                0x02013c38                putchar_unlocked
                0x02013c38                putchar
 .text.puts     0x02013c48       0x44 C:/msys64/opt/wonderful/toolchain/gcc-arm-none-eabi/lib/gcc/arm-none-eabi/15.2.1/../../../../arm-none-eabi/lib/thumb/arm946e-s\libc.a(libc_stdio_puts.c.o)
                0x02013c48                puts
 .text.rewind   0x02013c8c       0x14 C:/msys64/opt/wonderful/toolchain/gcc-arm-none-eabi/lib/gcc/arm-none-eabi/15.2.1/../../../../arm-none-eabi/lib/thumb/arm946e-s\libc.a(libc_stdio_rewind.c.o)
                0x02013c8c                rewind
 .text.setvbuf  0x02013ca0       0x24 C:/msys64/opt/wonderful/toolchain/gcc-arm-none-eabi/lib/gcc/arm-none-eabi/15.2.1/../../../../arm-none-eabi/lib/thumb/arm946e-s\libc.a(libc_stdio_setvbuf.c.o)
                0x02013ca0                setvbuf
 .text.__stdio_flags
                0x02013cc4       0x58 C:/msys64/opt/wonderful/toolchain/gcc-arm-none-eabi/lib/gcc/arm-none-eabi/15.2.1/../../../../arm-none-eabi/lib/thumb/arm946e-s\libc.a(libc_stdio_sflags.c.o)
                0x02013cc4                __stdio_flags
 .text.snprintf
                0x02013d1c       0x54 C:/msys64/opt/wonderful/toolchain/gcc-arm-none-eabi/lib/gcc/arm-none-eabi/15.2.1/../../../../arm-none-eabi/lib/thumb/arm946e-s\libc.a(libc_stdio_snprintf.c.o)
                0x02013d1c                snprintf
 .text.sprintf  0x02013d70       0x44 C:/msys64/opt/wonderful/toolchain/gcc-arm-none-eabi/lib/gcc/arm-none-eabi/15.2.1/../../../../arm-none-eabi/lib/thumb/arm946e-s\libc.a(libc_stdio_sprintf.c.o)
                0x02013d70                sprintf
 .text.__ultoa_invert
                0x02013db4       0x52 C:/msys64/opt/wonderful/toolchain/gcc-arm-none-eabi/lib/gcc/arm-none-eabi/15.2.1/../../../../arm-none-eabi/lib/thumb/arm946e-s\libc.a(libc_stdio_vfprintf.c.o)
 *fill*         0x02013e06        0x2 ff
 .text.skip_to_arg
                0x02013e08      0x13c C:/msys64/opt/wonderful/toolchain/gcc-arm-none-eabi/lib/gcc/arm-none-eabi/15.2.1/../../../../arm-none-eabi/lib/thumb/arm946e-s\libc.a(libc_stdio_vfprintf.c.o)
 .text.vfprintf
                0x02013f44      0xb04 C:/msys64/opt/wonderful/toolchain/gcc-arm-none-eabi/lib/gcc/arm-none-eabi/15.2.1/../../../../arm-none-eabi/lib/thumb/arm946e-s\libc.a(libc_stdio_vfprintf.c.o)
                0x02013f44                vfprintf
                0x02013f44                __d_vfprintf
 .text.vprintf  0x02014a48       0x14 C:/msys64/opt/wonderful/toolchain/gcc-arm-none-eabi/lib/gcc/arm-none-eabi/15.2.1/../../../../arm-none-eabi/lib/thumb/arm946e-s\libc.a(libc_stdio_vprintf.c.o)
                0x02014a48                vprintf
 .text.mulShiftAll64
                0x02014a5c      0x202 C:/msys64/opt/wonderful/toolchain/gcc-arm-none-eabi/lib/gcc/arm-none-eabi/15.2.1/../../../../arm-none-eabi/lib/thumb/arm946e-s\libc.a(libc_stdio_dtoa_ryu.c.o)
 *fill*         0x02014c5e        0x2 ff
 .text.div10    0x02014c60       0x28 C:/msys64/opt/wonderful/toolchain/gcc-arm-none-eabi/lib/gcc/arm-none-eabi/15.2.1/../../../../arm-none-eabi/lib/thumb/arm946e-s\libc.a(libc_stdio_dtoa_ryu.c.o)
 .text.__dtoa_engine
                0x02014c88      0x4b8 C:/msys64/opt/wonderful/toolchain/gcc-arm-none-eabi/lib/gcc/arm-none-eabi/15.2.1/../../../../arm-none-eabi/lib/thumb/arm946e-s\libc.a(libc_stdio_dtoa_ryu.c.o)
                0x02014c88                __dtoa_engine
 .text.__log10Pow2
                0x02015140        0xc C:/msys64/opt/wonderful/toolchain/gcc-arm-none-eabi/lib/gcc/arm-none-eabi/15.2.1/../../../../arm-none-eabi/lib/thumb/arm946e-s\libc.a(libc_stdio_ryu_log10.c.o)
                0x02015140                __log10Pow2
 .text.__log10Pow5
                0x0201514c        0xc C:/msys64/opt/wonderful/toolchain/gcc-arm-none-eabi/lib/gcc/arm-none-eabi/15.2.1/../../../../arm-none-eabi/lib/thumb/arm946e-s\libc.a(libc_stdio_ryu_log10.c.o)
                0x0201514c                __log10Pow5
 .text.__pow5bits
                0x02015158       0x10 C:/msys64/opt/wonderful/toolchain/gcc-arm-none-eabi/lib/gcc/arm-none-eabi/15.2.1/../../../../arm-none-eabi/lib/thumb/arm946e-s\libc.a(libc_stdio_ryu_pow5bits.c.o)
                0x02015158                __pow5bits
 .text.__pow5Factor
                0x02015168       0x2c C:/msys64/opt/wonderful/toolchain/gcc-arm-none-eabi/lib/gcc/arm-none-eabi/15.2.1/../../../../arm-none-eabi/lib/thumb/arm946e-s\libc.a(libc_stdio_ryu_table.c.o)
                0x02015168                __pow5Factor
 .text.__double_computePow5
                0x02015194      0x100 C:/msys64/opt/wonderful/toolchain/gcc-arm-none-eabi/lib/gcc/arm-none-eabi/15.2.1/../../../../arm-none-eabi/lib/thumb/arm946e-s\libc.a(libc_stdio_ryu_table.c.o)
                0x02015194                __double_computePow5
 .text.__double_computeInvPow5
                0x02015294       0xfc C:/msys64/opt/wonderful/toolchain/gcc-arm-none-eabi/lib/gcc/arm-none-eabi/15.2.1/../../../../arm-none-eabi/lib/thumb/arm946e-s\libc.a(libc_stdio_ryu_table.c.o)
                0x02015294                __double_computeInvPow5
 .text.__umul128
                0x02015390       0x6c C:/msys64/opt/wonderful/toolchain/gcc-arm-none-eabi/lib/gcc/arm-none-eabi/15.2.1/../../../../arm-none-eabi/lib/thumb/arm946e-s\libc.a(libc_stdio_ryu_umul128.c.o)
                0x02015390                __umul128
 .text.__shiftright128
                0x020153fc       0x28 C:/msys64/opt/wonderful/toolchain/gcc-arm-none-eabi/lib/gcc/arm-none-eabi/15.2.1/../../../../arm-none-eabi/lib/thumb/arm946e-s\libc.a(libc_stdio_ryu_umul128.c.o)
                0x020153fc                __shiftright128
 .text.exit     0x02015424        0xe C:/msys64/opt/wonderful/toolchain/gcc-arm-none-eabi/lib/gcc/arm-none-eabi/15.2.1/../../../../arm-none-eabi/lib/thumb/arm946e-s\libc.a(libc_stdlib_exit.c.o)
                0x02015424                exit
 .text.rand     0x02015432        0xc C:/msys64/opt/wonderful/toolchain/gcc-arm-none-eabi/lib/gcc/arm-none-eabi/15.2.1/../../../../arm-none-eabi/lib/thumb/arm946e-s\libc.a(libc_stdlib_rand.c.o)
                0x02015432                rand
 *fill*         0x0201543e        0x2 ff
 .text.random   0x02015440       0x34 C:/msys64/opt/wonderful/toolchain/gcc-arm-none-eabi/lib/gcc/arm-none-eabi/15.2.1/../../../../arm-none-eabi/lib/thumb/arm946e-s\libc.a(libc_stdlib_random.c.o)
                0x02015440                random
 .text.srand    0x02015474        0x8 C:/msys64/opt/wonderful/toolchain/gcc-arm-none-eabi/lib/gcc/arm-none-eabi/15.2.1/../../../../arm-none-eabi/lib/thumb/arm946e-s\libc.a(libc_stdlib_srand.c.o)
                0x02015474                srand
 .text.srandom  0x0201547c       0x18 C:/msys64/opt/wonderful/toolchain/gcc-arm-none-eabi/lib/gcc/arm-none-eabi/15.2.1/../../../../arm-none-eabi/lib/thumb/arm946e-s\libc.a(libc_stdlib_srandom.c.o)
                0x0201547c                srandom
 .text.__ascii_wctomb
                0x02015494       0x16 C:/msys64/opt/wonderful/toolchain/gcc-arm-none-eabi/lib/gcc/arm-none-eabi/15.2.1/../../../../arm-none-eabi/lib/thumb/arm946e-s\libc.a(libc_stdlib_wctomb_r.c.o)
                0x02015494                __ascii_wctomb
 *fill*         0x020154aa        0x2 ff
 .text.__utf8_wctomb
                0x020154ac       0xb8 C:/msys64/opt/wonderful/toolchain/gcc-arm-none-eabi/lib/gcc/arm-none-eabi/15.2.1/../../../../arm-none-eabi/lib/thumb/arm946e-s\libc.a(libc_stdlib_wctomb_r.c.o)
                0x020154ac                __utf8_wctomb
 .text.memcmp   0x02015564       0x1c C:/msys64/opt/wonderful/toolchain/gcc-arm-none-eabi/lib/gcc/arm-none-eabi/15.2.1/../../../../arm-none-eabi/lib/thumb/arm946e-s\libc.a(libc_string_memcmp.c.o)
                0x02015564                memcmp
 .text.strchr   0x02015580       0x1e C:/msys64/opt/wonderful/toolchain/gcc-arm-none-eabi/lib/gcc/arm-none-eabi/15.2.1/../../../../arm-none-eabi/lib/thumb/arm946e-s\libc.a(libc_string_strchr.c.o)
                0x02015580                strchr
 .text.strdup   0x0201559e       0x20 C:/msys64/opt/wonderful/toolchain/gcc-arm-none-eabi/lib/gcc/arm-none-eabi/15.2.1/../../../../arm-none-eabi/lib/thumb/arm946e-s\libc.a(libc_string_strdup.c.o)
                0x0201559e                strdup
 .text.strncmp  0x020155be       0x24 C:/msys64/opt/wonderful/toolchain/gcc-arm-none-eabi/lib/gcc/arm-none-eabi/15.2.1/../../../../arm-none-eabi/lib/thumb/arm946e-s\libc.a(libc_string_strncmp.c.o)
                0x020155be                strncmp
 .text.strnlen  0x020155e2       0x16 C:/msys64/opt/wonderful/toolchain/gcc-arm-none-eabi/lib/gcc/arm-none-eabi/15.2.1/../../../../arm-none-eabi/lib/thumb/arm946e-s\libc.a(libc_string_strnlen.c.o)
                0x020155e2                strnlen
 .text.strstr   0x020155f8       0x2c C:/msys64/opt/wonderful/toolchain/gcc-arm-none-eabi/lib/gcc/arm-none-eabi/15.2.1/../../../../arm-none-eabi/lib/thumb/arm946e-s\libc.a(libc_string_strstr.c.o)
                0x020155f8                strstr
 .text.localtime
                0x02015624       0x18 C:/msys64/opt/wonderful/toolchain/gcc-arm-none-eabi/lib/gcc/arm-none-eabi/15.2.1/../../../../arm-none-eabi/lib/thumb/arm946e-s\libc.a(libc_time_lcltime.c.o)
                0x02015624                localtime
 .text.localtime_r
                0x0201563c      0x1f4 C:/msys64/opt/wonderful/toolchain/gcc-arm-none-eabi/lib/gcc/arm-none-eabi/15.2.1/../../../../arm-none-eabi/lib/thumb/arm946e-s\libc.a(libc_time_lcltime_r.c.o)
                0x0201563c                localtime_r
 .text.time     0x02015830       0x28 C:/msys64/opt/wonderful/toolchain/gcc-arm-none-eabi/lib/gcc/arm-none-eabi/15.2.1/../../../../arm-none-eabi/lib/thumb/arm946e-s\libc.a(libc_time_time.c.o)
                0x02015830                time
 .text.__tzcalc_limits
                0x02015858      0x16c C:/msys64/opt/wonderful/toolchain/gcc-arm-none-eabi/lib/gcc/arm-none-eabi/15.2.1/../../../../arm-none-eabi/lib/thumb/arm946e-s\libc.a(libc_time_tzcalc_limits.c.o)
                0x02015858                __tzcalc_limits
 .text.tzset    0x020159c4      0x36c C:/msys64/opt/wonderful/toolchain/gcc-arm-none-eabi/lib/gcc/arm-none-eabi/15.2.1/../../../../arm-none-eabi/lib/thumb/arm946e-s\libc.a(libc_time_tzset.c.o)
                0x020159c4                tzset
 .text.ceilf    0x02015d30       0x58 C:/msys64/opt/wonderful/toolchain/gcc-arm-none-eabi/lib/gcc/arm-none-eabi/15.2.1/../../../../arm-none-eabi/lib/thumb/arm946e-s\libc.a(libm_machine_arm_sf_ceil.c.o)
                0x02015d30                ceilf
 .text.sqrt     0x02015d88      0x164 C:/msys64/opt/wonderful/toolchain/gcc-arm-none-eabi/lib/gcc/arm-none-eabi/15.2.1/../../../../arm-none-eabi/lib/thumb/arm946e-s\libc.a(libm_machine_arm_s_sqrt.c.o)
                0x02015d88                sqrtl
                0x02015d88                sqrt
 .text.cosf     0x02015eec       0x5c C:/msys64/opt/wonderful/toolchain/gcc-arm-none-eabi/lib/gcc/arm-none-eabi/15.2.1/../../../../arm-none-eabi/lib/thumb/arm946e-s\libc.a(libm_math_sf_cos.c.o)
                0x02015eec                _cosf
                0x02015eec                cosf
 .text.__rem_pio2f
                0x02015f48      0x224 C:/msys64/opt/wonderful/toolchain/gcc-arm-none-eabi/lib/gcc/arm-none-eabi/15.2.1/../../../../arm-none-eabi/lib/thumb/arm946e-s\libc.a(libm_math_sf_rem_pio2.c.o)
                0x02015f48                __rem_pio2f
 .text.sinf     0x0201616c       0x60 C:/msys64/opt/wonderful/toolchain/gcc-arm-none-eabi/lib/gcc/arm-none-eabi/15.2.1/../../../../arm-none-eabi/lib/thumb/arm946e-s\libc.a(libm_math_sf_sin.c.o)
                0x0201616c                sinf
                0x0201616c                _sinf
 .text.isnan    0x020161cc       0x18 C:/msys64/opt/wonderful/toolchain/gcc-arm-none-eabi/lib/gcc/arm-none-eabi/15.2.1/../../../../arm-none-eabi/lib/thumb/arm946e-s\libc.a(libm_common_s_isnan.c.o)
                0x020161cc                isnan
                0x020161cc                isnanl
                0x020161cc                __isnand
                0x020161cc                __isnanl
 .text.__math_invalid
                0x020161e4       0x10 C:/msys64/opt/wonderful/toolchain/gcc-arm-none-eabi/lib/gcc/arm-none-eabi/15.2.1/../../../../arm-none-eabi/lib/thumb/arm946e-s\libc.a(libm_common_math_err_invalid.c.o)
                0x020161e4                __math_invalid
 .text.isnanf   0x020161f4       0x10 C:/msys64/opt/wonderful/toolchain/gcc-arm-none-eabi/lib/gcc/arm-none-eabi/15.2.1/../../../../arm-none-eabi/lib/thumb/arm946e-s\libc.a(libm_common_sf_isnan.c.o)
                0x020161f4                __isnanf
                0x020161f4                isnanf
 .text.__math_invalidf
                0x02016204       0x10 C:/msys64/opt/wonderful/toolchain/gcc-arm-none-eabi/lib/gcc/arm-none-eabi/15.2.1/../../../../arm-none-eabi/lib/thumb/arm946e-s\libc.a(libm_common_math_errf_invalidf.c.o)
                0x02016204                __math_invalidf
 .text.__libc_fini_array
                0x02016214       0x1c C:/msys64/opt/wonderful/toolchain/gcc-arm-none-eabi/lib/gcc/arm-none-eabi/15.2.1/../../../../arm-none-eabi/lib/thumb/arm946e-s\libc.a(libc_misc_fini.c.o)
                0x02016214                __libc_fini_array
 .text.__picolibc_non_atomic_load_ungetc
                0x02016230        0x4 C:/msys64/opt/wonderful/toolchain/gcc-arm-none-eabi/lib/gcc/arm-none-eabi/15.2.1/../../../../arm-none-eabi/lib/thumb/arm946e-s\libc.a(libc_stdio_atomic_load.c.o)
                0x02016230                __picolibc_non_atomic_load_ungetc
                0x02016230                __atomic_load_ungetc
 .text.__picolibc_non_atomic_store_ungetc
                0x02016234        0x4 C:/msys64/opt/wonderful/toolchain/gcc-arm-none-eabi/lib/gcc/arm-none-eabi/15.2.1/../../../../arm-none-eabi/lib/thumb/arm946e-s\libc.a(libc_stdio_atomic_store.c.o)
                0x02016234                __atomic_store_ungetc
                0x02016234                __picolibc_non_atomic_store_ungetc
 .text.__bufio_lock
                0x02016238       0x18 C:/msys64/opt/wonderful/toolchain/gcc-arm-none-eabi/lib/gcc/arm-none-eabi/15.2.1/../../../../arm-none-eabi/lib/thumb/arm946e-s\libc.a(libc_stdio_bufio.c.o)
 .text.__bufio_flush_locked
                0x02016250       0x66 C:/msys64/opt/wonderful/toolchain/gcc-arm-none-eabi/lib/gcc/arm-none-eabi/15.2.1/../../../../arm-none-eabi/lib/thumb/arm946e-s\libc.a(libc_stdio_bufio.c.o)
                0x02016250                __bufio_flush_locked
 .text.__bufio_fill_locked
                0x020162b6       0x2c C:/msys64/opt/wonderful/toolchain/gcc-arm-none-eabi/lib/gcc/arm-none-eabi/15.2.1/../../../../arm-none-eabi/lib/thumb/arm946e-s\libc.a(libc_stdio_bufio.c.o)
                0x020162b6                __bufio_fill_locked
 .text.__bufio_flush
                0x020162e2       0x1a C:/msys64/opt/wonderful/toolchain/gcc-arm-none-eabi/lib/gcc/arm-none-eabi/15.2.1/../../../../arm-none-eabi/lib/thumb/arm946e-s\libc.a(libc_stdio_bufio.c.o)
                0x020162e2                __bufio_flush
 .text.__bufio_setdir_locked
                0x020162fc       0x1a C:/msys64/opt/wonderful/toolchain/gcc-arm-none-eabi/lib/gcc/arm-none-eabi/15.2.1/../../../../arm-none-eabi/lib/thumb/arm946e-s\libc.a(libc_stdio_bufio.c.o)
                0x020162fc                __bufio_setdir_locked
 .text.__bufio_put
                0x02016316       0x50 C:/msys64/opt/wonderful/toolchain/gcc-arm-none-eabi/lib/gcc/arm-none-eabi/15.2.1/../../../../arm-none-eabi/lib/thumb/arm946e-s\libc.a(libc_stdio_bufio.c.o)
                0x02016316                __bufio_put
 *fill*         0x02016366        0x2 ff
 .text.__bufio_get
                0x02016368       0x70 C:/msys64/opt/wonderful/toolchain/gcc-arm-none-eabi/lib/gcc/arm-none-eabi/15.2.1/../../../../arm-none-eabi/lib/thumb/arm946e-s\libc.a(libc_stdio_bufio.c.o)
                0x02016368                __bufio_get
 .text.__bufio_seek
                0x020163d8       0x6a C:/msys64/opt/wonderful/toolchain/gcc-arm-none-eabi/lib/gcc/arm-none-eabi/15.2.1/../../../../arm-none-eabi/lib/thumb/arm946e-s\libc.a(libc_stdio_bufio.c.o)
                0x020163d8                __bufio_seek
 .text.__bufio_close
                0x02016442       0x58 C:/msys64/opt/wonderful/toolchain/gcc-arm-none-eabi/lib/gcc/arm-none-eabi/15.2.1/../../../../arm-none-eabi/lib/thumb/arm946e-s\libc.a(libc_stdio_bufio_close.c.o)
                0x02016442                __bufio_close
 *fill*         0x0201649a        0x2 ff
 .text.__bufio_setvbuf
                0x0201649c       0xcc C:/msys64/opt/wonderful/toolchain/gcc-arm-none-eabi/lib/gcc/arm-none-eabi/15.2.1/../../../../arm-none-eabi/lib/thumb/arm946e-s\libc.a(libc_stdio_bufio_setvbuf.c.o)
                0x0201649c                __bufio_setvbuf
 .text.__dtox_engine
                0x02016568      0x128 C:/msys64/opt/wonderful/toolchain/gcc-arm-none-eabi/lib/gcc/arm-none-eabi/15.2.1/../../../../arm-none-eabi/lib/thumb/arm946e-s\libc.a(libc_stdio_dtox_engine.c.o)
                0x02016568                __dtox_engine
 .text.__picolibc_non_atomic_exchange_ungetc
                0x02016690        0x8 C:/msys64/opt/wonderful/toolchain/gcc-arm-none-eabi/lib/gcc/arm-none-eabi/15.2.1/../../../../arm-none-eabi/lib/thumb/arm946e-s\libc.a(libc_stdio_exchange.c.o)
                0x02016690                __picolibc_non_atomic_exchange_ungetc
                0x02016690                __atomic_exchange_ungetc
 .text.getc     0x02016698       0x44 C:/msys64/opt/wonderful/toolchain/gcc-arm-none-eabi/lib/gcc/arm-none-eabi/15.2.1/../../../../arm-none-eabi/lib/thumb/arm946e-s\libc.a(libc_stdio_fgetc.c.o)
                0x02016698                getc
                0x02016698                fgetc
                0x02016698                getc_unlocked
 .text.__file_str_put
                0x020166dc       0x10 C:/msys64/opt/wonderful/toolchain/gcc-arm-none-eabi/lib/gcc/arm-none-eabi/15.2.1/../../../../arm-none-eabi/lib/thumb/arm946e-s\libc.a(libc_stdio_filestrput.c.o)
                0x020166dc                __file_str_put
 .text.putc     0x020166ec       0x2c C:/msys64/opt/wonderful/toolchain/gcc-arm-none-eabi/lib/gcc/arm-none-eabi/15.2.1/../../../../arm-none-eabi/lib/thumb/arm946e-s\libc.a(libc_stdio_fputc.c.o)
                0x020166ec                putc
                0x020166ec                fputc
                0x020166ec                putc_unlocked
 .text.sscanf   0x02016718       0x3c C:/msys64/opt/wonderful/toolchain/gcc-arm-none-eabi/lib/gcc/arm-none-eabi/15.2.1/../../../../arm-none-eabi/lib/thumb/arm946e-s\libc.a(libc_stdio_sscanf.c.o)
                0x02016718                sscanf
 .text.strtoul  0x02016754      0x12c C:/msys64/opt/wonderful/toolchain/gcc-arm-none-eabi/lib/gcc/arm-none-eabi/15.2.1/../../../../arm-none-eabi/lib/thumb/arm946e-s\libc.a(libc_stdio_strtoul.c.o)
                0x02016754                strtoul
 .text.scanf_getc
                0x02016880       0x14 C:/msys64/opt/wonderful/toolchain/gcc-arm-none-eabi/lib/gcc/arm-none-eabi/15.2.1/../../../../arm-none-eabi/lib/thumb/arm946e-s\libc.a(libc_stdio_vfscanf.c.o)
 .text.scanf_ungetc
                0x02016894       0x12 C:/msys64/opt/wonderful/toolchain/gcc-arm-none-eabi/lib/gcc/arm-none-eabi/15.2.1/../../../../arm-none-eabi/lib/thumb/arm946e-s\libc.a(libc_stdio_vfscanf.c.o)
 .text.skip_spaces
                0x020168a6       0x2a C:/msys64/opt/wonderful/toolchain/gcc-arm-none-eabi/lib/gcc/arm-none-eabi/15.2.1/../../../../arm-none-eabi/lib/thumb/arm946e-s\libc.a(libc_stdio_vfscanf.c.o)
 .text.putval   0x020168d0       0x2a C:/msys64/opt/wonderful/toolchain/gcc-arm-none-eabi/lib/gcc/arm-none-eabi/15.2.1/../../../../arm-none-eabi/lib/thumb/arm946e-s\libc.a(libc_stdio_vfscanf.c.o)
 *fill*         0x020168fa        0x2 ff
 .text.getmb    0x020168fc       0x84 C:/msys64/opt/wonderful/toolchain/gcc-arm-none-eabi/lib/gcc/arm-none-eabi/15.2.1/../../../../arm-none-eabi/lib/thumb/arm946e-s\libc.a(libc_stdio_vfscanf.c.o)
 .text.vfscanf  0x02016980      0x9f0 C:/msys64/opt/wonderful/toolchain/gcc-arm-none-eabi/lib/gcc/arm-none-eabi/15.2.1/../../../../arm-none-eabi/lib/thumb/arm946e-s\libc.a(libc_stdio_vfscanf.c.o)
                0x02016980                vfscanf
                0x02016980                __d_vfscanf
 .text.mulShift64
                0x02017370       0x62 C:/msys64/opt/wonderful/toolchain/gcc-arm-none-eabi/lib/gcc/arm-none-eabi/15.2.1/../../../../arm-none-eabi/lib/thumb/arm946e-s\libc.a(libc_stdio_atod_ryu.c.o)
 *fill*         0x020173d2        0x2 ff
 .text.__atod_engine
                0x020173d4      0x158 C:/msys64/opt/wonderful/toolchain/gcc-arm-none-eabi/lib/gcc/arm-none-eabi/15.2.1/../../../../arm-none-eabi/lib/thumb/arm946e-s\libc.a(libc_stdio_atod_ryu.c.o)
                0x020173d4                __atod_engine
 .text.__atof_engine
                0x0201752c      0x120 C:/msys64/opt/wonderful/toolchain/gcc-arm-none-eabi/lib/gcc/arm-none-eabi/15.2.1/../../../../arm-none-eabi/lib/thumb/arm946e-s\libc.a(libc_stdio_atof_ryu.c.o)
                0x0201752c                __atof_engine
 .text.mulShift32
                0x0201764c       0x44 C:/msys64/opt/wonderful/toolchain/gcc-arm-none-eabi/lib/gcc/arm-none-eabi/15.2.1/../../../../arm-none-eabi/lib/thumb/arm946e-s\libc.a(libc_stdio_ryu_divpow2.c.o)
 .text.__mulPow5InvDivPow2
                0x02017690       0x28 C:/msys64/opt/wonderful/toolchain/gcc-arm-none-eabi/lib/gcc/arm-none-eabi/15.2.1/../../../../arm-none-eabi/lib/thumb/arm946e-s\libc.a(libc_stdio_ryu_divpow2.c.o)
                0x02017690                __mulPow5InvDivPow2
 .text.__mulPow5divPow2
                0x020176b8       0x20 C:/msys64/opt/wonderful/toolchain/gcc-arm-none-eabi/lib/gcc/arm-none-eabi/15.2.1/../../../../arm-none-eabi/lib/thumb/arm946e-s\libc.a(libc_stdio_ryu_divpow2.c.o)
                0x020176b8                __mulPow5divPow2
 .text.__log2pow5
                0x020176d8        0xc C:/msys64/opt/wonderful/toolchain/gcc-arm-none-eabi/lib/gcc/arm-none-eabi/15.2.1/../../../../arm-none-eabi/lib/thumb/arm946e-s\libc.a(libc_stdio_ryu_log2pow5.c.o)
                0x020176d8                __log2pow5
 .text.__ceil_log2pow5
                0x020176e4       0x10 C:/msys64/opt/wonderful/toolchain/gcc-arm-none-eabi/lib/gcc/arm-none-eabi/15.2.1/../../../../arm-none-eabi/lib/thumb/arm946e-s\libc.a(libc_stdio_ryu_log2pow5.c.o)
                0x020176e4                __ceil_log2pow5